<!doctype html public "-//w3c//dtd html 4.0 transitional//en">
<html><head>
<title>Static Call Graph - [.\Objects\TFT.axf]</title></head>
<body><HR>
<H1>Static Call Graph for image .\Objects\TFT.axf</H1><HR>
<BR><P>#&#060CALLGRAPH&#062# ARM Linker, 6220000: Last Updated: Sun Dec 22 23:16:15 2024
<BR><P>
<H3>Maximum Stack Usage =         32 bytes + Unknown(Functions without stacksize, Cycles, Untraceable Function Pointers)</H3><H3>
Call chain for Maximum Stack Depth:</H3>
SystemInit &rArr; SetSysClock &rArr; SetSysClockTo72
<P>
<H3>
Functions with no stack information
</H3><UL>
 <LI><a href="#[37]">__user_initial_stackheap</a>
 <LI><a href="#[6e]">delay_half_second</a>
</UL>
</UL>
<P>
<H3>
Mutually Recursive functions
</H3> <LI><a href="#[1]">NMI_Handler</a>&nbsp;&nbsp;&nbsp;&rArr;&nbsp;&nbsp;&nbsp;<a href="#[1]">NMI_Handler</a><BR>
 <LI><a href="#[2]">HardFault_Handler</a>&nbsp;&nbsp;&nbsp;&rArr;&nbsp;&nbsp;&nbsp;<a href="#[2]">HardFault_Handler</a><BR>
 <LI><a href="#[3]">MemManage_Handler</a>&nbsp;&nbsp;&nbsp;&rArr;&nbsp;&nbsp;&nbsp;<a href="#[3]">MemManage_Handler</a><BR>
 <LI><a href="#[4]">BusFault_Handler</a>&nbsp;&nbsp;&nbsp;&rArr;&nbsp;&nbsp;&nbsp;<a href="#[4]">BusFault_Handler</a><BR>
 <LI><a href="#[5]">UsageFault_Handler</a>&nbsp;&nbsp;&nbsp;&rArr;&nbsp;&nbsp;&nbsp;<a href="#[5]">UsageFault_Handler</a><BR>
 <LI><a href="#[6]">SVC_Handler</a>&nbsp;&nbsp;&nbsp;&rArr;&nbsp;&nbsp;&nbsp;<a href="#[6]">SVC_Handler</a><BR>
 <LI><a href="#[7]">DebugMon_Handler</a>&nbsp;&nbsp;&nbsp;&rArr;&nbsp;&nbsp;&nbsp;<a href="#[7]">DebugMon_Handler</a><BR>
 <LI><a href="#[8]">PendSV_Handler</a>&nbsp;&nbsp;&nbsp;&rArr;&nbsp;&nbsp;&nbsp;<a href="#[8]">PendSV_Handler</a><BR>
 <LI><a href="#[9]">SysTick_Handler</a>&nbsp;&nbsp;&nbsp;&rArr;&nbsp;&nbsp;&nbsp;<a href="#[9]">SysTick_Handler</a><BR>
 <LI><a href="#[1c]">ADC1_2_IRQHandler</a>&nbsp;&nbsp;&nbsp;&rArr;&nbsp;&nbsp;&nbsp;<a href="#[1c]">ADC1_2_IRQHandler</a><BR>
 <LI><a href="#[69]">SNAKE_GAME_HIGHER_LEVEL</a>&nbsp;&nbsp;&nbsp;&rArr;&nbsp;&nbsp;&nbsp;<a href="#[69]">SNAKE_GAME_HIGHER_LEVEL</a><BR>
 <LI><a href="#[68]">SNAKE_GAME</a>&nbsp;&nbsp;&nbsp;&rArr;&nbsp;&nbsp;&nbsp;<a href="#[68]">SNAKE_GAME</a><BR>
</UL>
<P>
<H3>
Function Pointers
</H3><UL>
 <LI><a href="#[1c]">ADC1_2_IRQHandler</a> from startup_stm32f10x_md.o(.text) referenced from startup_stm32f10x_md.o(RESET)
 <LI><a href="#[4]">BusFault_Handler</a> from startup_stm32f10x_md.o(.text) referenced from startup_stm32f10x_md.o(RESET)
 <LI><a href="#[1f]">CAN1_RX1_IRQHandler</a> from startup_stm32f10x_md.o(.text) referenced from startup_stm32f10x_md.o(RESET)
 <LI><a href="#[20]">CAN1_SCE_IRQHandler</a> from startup_stm32f10x_md.o(.text) referenced from startup_stm32f10x_md.o(RESET)
 <LI><a href="#[15]">DMA1_Channel1_IRQHandler</a> from startup_stm32f10x_md.o(.text) referenced from startup_stm32f10x_md.o(RESET)
 <LI><a href="#[16]">DMA1_Channel2_IRQHandler</a> from startup_stm32f10x_md.o(.text) referenced from startup_stm32f10x_md.o(RESET)
 <LI><a href="#[17]">DMA1_Channel3_IRQHandler</a> from startup_stm32f10x_md.o(.text) referenced from startup_stm32f10x_md.o(RESET)
 <LI><a href="#[18]">DMA1_Channel4_IRQHandler</a> from startup_stm32f10x_md.o(.text) referenced from startup_stm32f10x_md.o(RESET)
 <LI><a href="#[19]">DMA1_Channel5_IRQHandler</a> from startup_stm32f10x_md.o(.text) referenced from startup_stm32f10x_md.o(RESET)
 <LI><a href="#[1a]">DMA1_Channel6_IRQHandler</a> from startup_stm32f10x_md.o(.text) referenced from startup_stm32f10x_md.o(RESET)
 <LI><a href="#[1b]">DMA1_Channel7_IRQHandler</a> from startup_stm32f10x_md.o(.text) referenced from startup_stm32f10x_md.o(RESET)
 <LI><a href="#[7]">DebugMon_Handler</a> from startup_stm32f10x_md.o(.text) referenced from startup_stm32f10x_md.o(RESET)
 <LI><a href="#[10]">EXTI0_IRQHandler</a> from startup_stm32f10x_md.o(.text) referenced from startup_stm32f10x_md.o(RESET)
 <LI><a href="#[32]">EXTI15_10_IRQHandler</a> from startup_stm32f10x_md.o(.text) referenced from startup_stm32f10x_md.o(RESET)
 <LI><a href="#[11]">EXTI1_IRQHandler</a> from startup_stm32f10x_md.o(.text) referenced from startup_stm32f10x_md.o(RESET)
 <LI><a href="#[12]">EXTI2_IRQHandler</a> from startup_stm32f10x_md.o(.text) referenced from startup_stm32f10x_md.o(RESET)
 <LI><a href="#[13]">EXTI3_IRQHandler</a> from startup_stm32f10x_md.o(.text) referenced from startup_stm32f10x_md.o(RESET)
 <LI><a href="#[14]">EXTI4_IRQHandler</a> from startup_stm32f10x_md.o(.text) referenced from startup_stm32f10x_md.o(RESET)
 <LI><a href="#[21]">EXTI9_5_IRQHandler</a> from startup_stm32f10x_md.o(.text) referenced from startup_stm32f10x_md.o(RESET)
 <LI><a href="#[e]">FLASH_IRQHandler</a> from startup_stm32f10x_md.o(.text) referenced from startup_stm32f10x_md.o(RESET)
 <LI><a href="#[2]">HardFault_Handler</a> from startup_stm32f10x_md.o(.text) referenced from startup_stm32f10x_md.o(RESET)
 <LI><a href="#[2a]">I2C1_ER_IRQHandler</a> from startup_stm32f10x_md.o(.text) referenced from startup_stm32f10x_md.o(RESET)
 <LI><a href="#[29]">I2C1_EV_IRQHandler</a> from startup_stm32f10x_md.o(.text) referenced from startup_stm32f10x_md.o(RESET)
 <LI><a href="#[2c]">I2C2_ER_IRQHandler</a> from startup_stm32f10x_md.o(.text) referenced from startup_stm32f10x_md.o(RESET)
 <LI><a href="#[2b]">I2C2_EV_IRQHandler</a> from startup_stm32f10x_md.o(.text) referenced from startup_stm32f10x_md.o(RESET)
 <LI><a href="#[3]">MemManage_Handler</a> from startup_stm32f10x_md.o(.text) referenced from startup_stm32f10x_md.o(RESET)
 <LI><a href="#[1]">NMI_Handler</a> from startup_stm32f10x_md.o(.text) referenced from startup_stm32f10x_md.o(RESET)
 <LI><a href="#[b]">PVD_IRQHandler</a> from startup_stm32f10x_md.o(.text) referenced from startup_stm32f10x_md.o(RESET)
 <LI><a href="#[8]">PendSV_Handler</a> from startup_stm32f10x_md.o(.text) referenced from startup_stm32f10x_md.o(RESET)
 <LI><a href="#[f]">RCC_IRQHandler</a> from startup_stm32f10x_md.o(.text) referenced from startup_stm32f10x_md.o(RESET)
 <LI><a href="#[33]">RTCAlarm_IRQHandler</a> from startup_stm32f10x_md.o(.text) referenced from startup_stm32f10x_md.o(RESET)
 <LI><a href="#[d]">RTC_IRQHandler</a> from startup_stm32f10x_md.o(.text) referenced from startup_stm32f10x_md.o(RESET)
 <LI><a href="#[0]">Reset_Handler</a> from startup_stm32f10x_md.o(.text) referenced from startup_stm32f10x_md.o(RESET)
 <LI><a href="#[2d]">SPI1_IRQHandler</a> from startup_stm32f10x_md.o(.text) referenced from startup_stm32f10x_md.o(RESET)
 <LI><a href="#[2e]">SPI2_IRQHandler</a> from startup_stm32f10x_md.o(.text) referenced from startup_stm32f10x_md.o(RESET)
 <LI><a href="#[6]">SVC_Handler</a> from startup_stm32f10x_md.o(.text) referenced from startup_stm32f10x_md.o(RESET)
 <LI><a href="#[9]">SysTick_Handler</a> from startup_stm32f10x_md.o(.text) referenced from startup_stm32f10x_md.o(RESET)
 <LI><a href="#[35]">SystemInit</a> from system_stm32f10x.o(.text.SystemInit) referenced from startup_stm32f10x_md.o(.text)
 <LI><a href="#[c]">TAMPER_IRQHandler</a> from startup_stm32f10x_md.o(.text) referenced from startup_stm32f10x_md.o(RESET)
 <LI><a href="#[22]">TIM1_BRK_IRQHandler</a> from startup_stm32f10x_md.o(.text) referenced from startup_stm32f10x_md.o(RESET)
 <LI><a href="#[25]">TIM1_CC_IRQHandler</a> from startup_stm32f10x_md.o(.text) referenced from startup_stm32f10x_md.o(RESET)
 <LI><a href="#[24]">TIM1_TRG_COM_IRQHandler</a> from startup_stm32f10x_md.o(.text) referenced from startup_stm32f10x_md.o(RESET)
 <LI><a href="#[23]">TIM1_UP_IRQHandler</a> from startup_stm32f10x_md.o(.text) referenced from startup_stm32f10x_md.o(RESET)
 <LI><a href="#[26]">TIM2_IRQHandler</a> from startup_stm32f10x_md.o(.text) referenced from startup_stm32f10x_md.o(RESET)
 <LI><a href="#[27]">TIM3_IRQHandler</a> from startup_stm32f10x_md.o(.text) referenced from startup_stm32f10x_md.o(RESET)
 <LI><a href="#[28]">TIM4_IRQHandler</a> from startup_stm32f10x_md.o(.text) referenced from startup_stm32f10x_md.o(RESET)
 <LI><a href="#[2f]">USART1_IRQHandler</a> from startup_stm32f10x_md.o(.text) referenced from startup_stm32f10x_md.o(RESET)
 <LI><a href="#[30]">USART2_IRQHandler</a> from startup_stm32f10x_md.o(.text) referenced from startup_stm32f10x_md.o(RESET)
 <LI><a href="#[31]">USART3_IRQHandler</a> from startup_stm32f10x_md.o(.text) referenced from startup_stm32f10x_md.o(RESET)
 <LI><a href="#[34]">USBWakeUp_IRQHandler</a> from startup_stm32f10x_md.o(.text) referenced from startup_stm32f10x_md.o(RESET)
 <LI><a href="#[1d]">USB_HP_CAN1_TX_IRQHandler</a> from startup_stm32f10x_md.o(.text) referenced from startup_stm32f10x_md.o(RESET)
 <LI><a href="#[1e]">USB_LP_CAN1_RX0_IRQHandler</a> from startup_stm32f10x_md.o(.text) referenced from startup_stm32f10x_md.o(RESET)
 <LI><a href="#[5]">UsageFault_Handler</a> from startup_stm32f10x_md.o(.text) referenced from startup_stm32f10x_md.o(RESET)
 <LI><a href="#[a]">WWDG_IRQHandler</a> from startup_stm32f10x_md.o(.text) referenced from startup_stm32f10x_md.o(RESET)
 <LI><a href="#[36]">__main</a> from tft.o(MYCODE) referenced from startup_stm32f10x_md.o(.text)
</UL>
<P>
<H3>
Global Symbols
</H3>
<P><STRONG><a name="[0]"></a>Reset_Handler</STRONG> (Thumb, 8 bytes, Stack size 0 bytes, startup_stm32f10x_md.o(.text))
<BR>[Address Reference Count : 1]<UL><LI> startup_stm32f10x_md.o(RESET)
</UL>
<P><STRONG><a name="[1]"></a>NMI_Handler</STRONG> (Thumb, 2 bytes, Stack size 0 bytes, startup_stm32f10x_md.o(.text))
<BR><BR>[Calls]<UL><LI><a href="#[1]">&gt;&gt;</a>&nbsp;&nbsp;&nbsp;NMI_Handler
</UL>
<BR>[Called By]<UL><LI><a href="#[1]">&gt;&gt;</a>&nbsp;&nbsp;&nbsp;NMI_Handler
</UL>
<BR>[Address Reference Count : 1]<UL><LI> startup_stm32f10x_md.o(RESET)
</UL>
<P><STRONG><a name="[2]"></a>HardFault_Handler</STRONG> (Thumb, 2 bytes, Stack size 0 bytes, startup_stm32f10x_md.o(.text))
<BR><BR>[Calls]<UL><LI><a href="#[2]">&gt;&gt;</a>&nbsp;&nbsp;&nbsp;HardFault_Handler
</UL>
<BR>[Called By]<UL><LI><a href="#[2]">&gt;&gt;</a>&nbsp;&nbsp;&nbsp;HardFault_Handler
</UL>
<BR>[Address Reference Count : 1]<UL><LI> startup_stm32f10x_md.o(RESET)
</UL>
<P><STRONG><a name="[3]"></a>MemManage_Handler</STRONG> (Thumb, 2 bytes, Stack size 0 bytes, startup_stm32f10x_md.o(.text))
<BR><BR>[Calls]<UL><LI><a href="#[3]">&gt;&gt;</a>&nbsp;&nbsp;&nbsp;MemManage_Handler
</UL>
<BR>[Called By]<UL><LI><a href="#[3]">&gt;&gt;</a>&nbsp;&nbsp;&nbsp;MemManage_Handler
</UL>
<BR>[Address Reference Count : 1]<UL><LI> startup_stm32f10x_md.o(RESET)
</UL>
<P><STRONG><a name="[4]"></a>BusFault_Handler</STRONG> (Thumb, 2 bytes, Stack size 0 bytes, startup_stm32f10x_md.o(.text))
<BR><BR>[Calls]<UL><LI><a href="#[4]">&gt;&gt;</a>&nbsp;&nbsp;&nbsp;BusFault_Handler
</UL>
<BR>[Called By]<UL><LI><a href="#[4]">&gt;&gt;</a>&nbsp;&nbsp;&nbsp;BusFault_Handler
</UL>
<BR>[Address Reference Count : 1]<UL><LI> startup_stm32f10x_md.o(RESET)
</UL>
<P><STRONG><a name="[5]"></a>UsageFault_Handler</STRONG> (Thumb, 2 bytes, Stack size 0 bytes, startup_stm32f10x_md.o(.text))
<BR><BR>[Calls]<UL><LI><a href="#[5]">&gt;&gt;</a>&nbsp;&nbsp;&nbsp;UsageFault_Handler
</UL>
<BR>[Called By]<UL><LI><a href="#[5]">&gt;&gt;</a>&nbsp;&nbsp;&nbsp;UsageFault_Handler
</UL>
<BR>[Address Reference Count : 1]<UL><LI> startup_stm32f10x_md.o(RESET)
</UL>
<P><STRONG><a name="[6]"></a>SVC_Handler</STRONG> (Thumb, 2 bytes, Stack size 0 bytes, startup_stm32f10x_md.o(.text))
<BR><BR>[Calls]<UL><LI><a href="#[6]">&gt;&gt;</a>&nbsp;&nbsp;&nbsp;SVC_Handler
</UL>
<BR>[Called By]<UL><LI><a href="#[6]">&gt;&gt;</a>&nbsp;&nbsp;&nbsp;SVC_Handler
</UL>
<BR>[Address Reference Count : 1]<UL><LI> startup_stm32f10x_md.o(RESET)
</UL>
<P><STRONG><a name="[7]"></a>DebugMon_Handler</STRONG> (Thumb, 2 bytes, Stack size 0 bytes, startup_stm32f10x_md.o(.text))
<BR><BR>[Calls]<UL><LI><a href="#[7]">&gt;&gt;</a>&nbsp;&nbsp;&nbsp;DebugMon_Handler
</UL>
<BR>[Called By]<UL><LI><a href="#[7]">&gt;&gt;</a>&nbsp;&nbsp;&nbsp;DebugMon_Handler
</UL>
<BR>[Address Reference Count : 1]<UL><LI> startup_stm32f10x_md.o(RESET)
</UL>
<P><STRONG><a name="[8]"></a>PendSV_Handler</STRONG> (Thumb, 2 bytes, Stack size 0 bytes, startup_stm32f10x_md.o(.text))
<BR><BR>[Calls]<UL><LI><a href="#[8]">&gt;&gt;</a>&nbsp;&nbsp;&nbsp;PendSV_Handler
</UL>
<BR>[Called By]<UL><LI><a href="#[8]">&gt;&gt;</a>&nbsp;&nbsp;&nbsp;PendSV_Handler
</UL>
<BR>[Address Reference Count : 1]<UL><LI> startup_stm32f10x_md.o(RESET)
</UL>
<P><STRONG><a name="[9]"></a>SysTick_Handler</STRONG> (Thumb, 2 bytes, Stack size 0 bytes, startup_stm32f10x_md.o(.text))
<BR><BR>[Calls]<UL><LI><a href="#[9]">&gt;&gt;</a>&nbsp;&nbsp;&nbsp;SysTick_Handler
</UL>
<BR>[Called By]<UL><LI><a href="#[9]">&gt;&gt;</a>&nbsp;&nbsp;&nbsp;SysTick_Handler
</UL>
<BR>[Address Reference Count : 1]<UL><LI> startup_stm32f10x_md.o(RESET)
</UL>
<P><STRONG><a name="[1c]"></a>ADC1_2_IRQHandler</STRONG> (Thumb, 0 bytes, Stack size 0 bytes, startup_stm32f10x_md.o(.text))
<BR><BR>[Calls]<UL><LI><a href="#[1c]">&gt;&gt;</a>&nbsp;&nbsp;&nbsp;ADC1_2_IRQHandler
</UL>
<BR>[Called By]<UL><LI><a href="#[1c]">&gt;&gt;</a>&nbsp;&nbsp;&nbsp;ADC1_2_IRQHandler
</UL>
<BR>[Address Reference Count : 1]<UL><LI> startup_stm32f10x_md.o(RESET)
</UL>
<P><STRONG><a name="[1f]"></a>CAN1_RX1_IRQHandler</STRONG> (Thumb, 0 bytes, Stack size 0 bytes, startup_stm32f10x_md.o(.text))
<BR>[Address Reference Count : 1]<UL><LI> startup_stm32f10x_md.o(RESET)
</UL>
<P><STRONG><a name="[20]"></a>CAN1_SCE_IRQHandler</STRONG> (Thumb, 0 bytes, Stack size 0 bytes, startup_stm32f10x_md.o(.text))
<BR>[Address Reference Count : 1]<UL><LI> startup_stm32f10x_md.o(RESET)
</UL>
<P><STRONG><a name="[15]"></a>DMA1_Channel1_IRQHandler</STRONG> (Thumb, 0 bytes, Stack size 0 bytes, startup_stm32f10x_md.o(.text))
<BR>[Address Reference Count : 1]<UL><LI> startup_stm32f10x_md.o(RESET)
</UL>
<P><STRONG><a name="[16]"></a>DMA1_Channel2_IRQHandler</STRONG> (Thumb, 0 bytes, Stack size 0 bytes, startup_stm32f10x_md.o(.text))
<BR>[Address Reference Count : 1]<UL><LI> startup_stm32f10x_md.o(RESET)
</UL>
<P><STRONG><a name="[17]"></a>DMA1_Channel3_IRQHandler</STRONG> (Thumb, 0 bytes, Stack size 0 bytes, startup_stm32f10x_md.o(.text))
<BR>[Address Reference Count : 1]<UL><LI> startup_stm32f10x_md.o(RESET)
</UL>
<P><STRONG><a name="[18]"></a>DMA1_Channel4_IRQHandler</STRONG> (Thumb, 0 bytes, Stack size 0 bytes, startup_stm32f10x_md.o(.text))
<BR>[Address Reference Count : 1]<UL><LI> startup_stm32f10x_md.o(RESET)
</UL>
<P><STRONG><a name="[19]"></a>DMA1_Channel5_IRQHandler</STRONG> (Thumb, 0 bytes, Stack size 0 bytes, startup_stm32f10x_md.o(.text))
<BR>[Address Reference Count : 1]<UL><LI> startup_stm32f10x_md.o(RESET)
</UL>
<P><STRONG><a name="[1a]"></a>DMA1_Channel6_IRQHandler</STRONG> (Thumb, 0 bytes, Stack size 0 bytes, startup_stm32f10x_md.o(.text))
<BR>[Address Reference Count : 1]<UL><LI> startup_stm32f10x_md.o(RESET)
</UL>
<P><STRONG><a name="[1b]"></a>DMA1_Channel7_IRQHandler</STRONG> (Thumb, 0 bytes, Stack size 0 bytes, startup_stm32f10x_md.o(.text))
<BR>[Address Reference Count : 1]<UL><LI> startup_stm32f10x_md.o(RESET)
</UL>
<P><STRONG><a name="[10]"></a>EXTI0_IRQHandler</STRONG> (Thumb, 0 bytes, Stack size 0 bytes, startup_stm32f10x_md.o(.text))
<BR>[Address Reference Count : 1]<UL><LI> startup_stm32f10x_md.o(RESET)
</UL>
<P><STRONG><a name="[32]"></a>EXTI15_10_IRQHandler</STRONG> (Thumb, 0 bytes, Stack size 0 bytes, startup_stm32f10x_md.o(.text))
<BR>[Address Reference Count : 1]<UL><LI> startup_stm32f10x_md.o(RESET)
</UL>
<P><STRONG><a name="[11]"></a>EXTI1_IRQHandler</STRONG> (Thumb, 0 bytes, Stack size 0 bytes, startup_stm32f10x_md.o(.text))
<BR>[Address Reference Count : 1]<UL><LI> startup_stm32f10x_md.o(RESET)
</UL>
<P><STRONG><a name="[12]"></a>EXTI2_IRQHandler</STRONG> (Thumb, 0 bytes, Stack size 0 bytes, startup_stm32f10x_md.o(.text))
<BR>[Address Reference Count : 1]<UL><LI> startup_stm32f10x_md.o(RESET)
</UL>
<P><STRONG><a name="[13]"></a>EXTI3_IRQHandler</STRONG> (Thumb, 0 bytes, Stack size 0 bytes, startup_stm32f10x_md.o(.text))
<BR>[Address Reference Count : 1]<UL><LI> startup_stm32f10x_md.o(RESET)
</UL>
<P><STRONG><a name="[14]"></a>EXTI4_IRQHandler</STRONG> (Thumb, 0 bytes, Stack size 0 bytes, startup_stm32f10x_md.o(.text))
<BR>[Address Reference Count : 1]<UL><LI> startup_stm32f10x_md.o(RESET)
</UL>
<P><STRONG><a name="[21]"></a>EXTI9_5_IRQHandler</STRONG> (Thumb, 0 bytes, Stack size 0 bytes, startup_stm32f10x_md.o(.text))
<BR>[Address Reference Count : 1]<UL><LI> startup_stm32f10x_md.o(RESET)
</UL>
<P><STRONG><a name="[e]"></a>FLASH_IRQHandler</STRONG> (Thumb, 0 bytes, Stack size 0 bytes, startup_stm32f10x_md.o(.text))
<BR>[Address Reference Count : 1]<UL><LI> startup_stm32f10x_md.o(RESET)
</UL>
<P><STRONG><a name="[2a]"></a>I2C1_ER_IRQHandler</STRONG> (Thumb, 0 bytes, Stack size 0 bytes, startup_stm32f10x_md.o(.text))
<BR>[Address Reference Count : 1]<UL><LI> startup_stm32f10x_md.o(RESET)
</UL>
<P><STRONG><a name="[29]"></a>I2C1_EV_IRQHandler</STRONG> (Thumb, 0 bytes, Stack size 0 bytes, startup_stm32f10x_md.o(.text))
<BR>[Address Reference Count : 1]<UL><LI> startup_stm32f10x_md.o(RESET)
</UL>
<P><STRONG><a name="[2c]"></a>I2C2_ER_IRQHandler</STRONG> (Thumb, 0 bytes, Stack size 0 bytes, startup_stm32f10x_md.o(.text))
<BR>[Address Reference Count : 1]<UL><LI> startup_stm32f10x_md.o(RESET)
</UL>
<P><STRONG><a name="[2b]"></a>I2C2_EV_IRQHandler</STRONG> (Thumb, 0 bytes, Stack size 0 bytes, startup_stm32f10x_md.o(.text))
<BR>[Address Reference Count : 1]<UL><LI> startup_stm32f10x_md.o(RESET)
</UL>
<P><STRONG><a name="[b]"></a>PVD_IRQHandler</STRONG> (Thumb, 0 bytes, Stack size 0 bytes, startup_stm32f10x_md.o(.text))
<BR>[Address Reference Count : 1]<UL><LI> startup_stm32f10x_md.o(RESET)
</UL>
<P><STRONG><a name="[f]"></a>RCC_IRQHandler</STRONG> (Thumb, 0 bytes, Stack size 0 bytes, startup_stm32f10x_md.o(.text))
<BR>[Address Reference Count : 1]<UL><LI> startup_stm32f10x_md.o(RESET)
</UL>
<P><STRONG><a name="[33]"></a>RTCAlarm_IRQHandler</STRONG> (Thumb, 0 bytes, Stack size 0 bytes, startup_stm32f10x_md.o(.text))
<BR>[Address Reference Count : 1]<UL><LI> startup_stm32f10x_md.o(RESET)
</UL>
<P><STRONG><a name="[d]"></a>RTC_IRQHandler</STRONG> (Thumb, 0 bytes, Stack size 0 bytes, startup_stm32f10x_md.o(.text))
<BR>[Address Reference Count : 1]<UL><LI> startup_stm32f10x_md.o(RESET)
</UL>
<P><STRONG><a name="[2d]"></a>SPI1_IRQHandler</STRONG> (Thumb, 0 bytes, Stack size 0 bytes, startup_stm32f10x_md.o(.text))
<BR>[Address Reference Count : 1]<UL><LI> startup_stm32f10x_md.o(RESET)
</UL>
<P><STRONG><a name="[2e]"></a>SPI2_IRQHandler</STRONG> (Thumb, 0 bytes, Stack size 0 bytes, startup_stm32f10x_md.o(.text))
<BR>[Address Reference Count : 1]<UL><LI> startup_stm32f10x_md.o(RESET)
</UL>
<P><STRONG><a name="[c]"></a>TAMPER_IRQHandler</STRONG> (Thumb, 0 bytes, Stack size 0 bytes, startup_stm32f10x_md.o(.text))
<BR>[Address Reference Count : 1]<UL><LI> startup_stm32f10x_md.o(RESET)
</UL>
<P><STRONG><a name="[22]"></a>TIM1_BRK_IRQHandler</STRONG> (Thumb, 0 bytes, Stack size 0 bytes, startup_stm32f10x_md.o(.text))
<BR>[Address Reference Count : 1]<UL><LI> startup_stm32f10x_md.o(RESET)
</UL>
<P><STRONG><a name="[25]"></a>TIM1_CC_IRQHandler</STRONG> (Thumb, 0 bytes, Stack size 0 bytes, startup_stm32f10x_md.o(.text))
<BR>[Address Reference Count : 1]<UL><LI> startup_stm32f10x_md.o(RESET)
</UL>
<P><STRONG><a name="[24]"></a>TIM1_TRG_COM_IRQHandler</STRONG> (Thumb, 0 bytes, Stack size 0 bytes, startup_stm32f10x_md.o(.text))
<BR>[Address Reference Count : 1]<UL><LI> startup_stm32f10x_md.o(RESET)
</UL>
<P><STRONG><a name="[23]"></a>TIM1_UP_IRQHandler</STRONG> (Thumb, 0 bytes, Stack size 0 bytes, startup_stm32f10x_md.o(.text))
<BR>[Address Reference Count : 1]<UL><LI> startup_stm32f10x_md.o(RESET)
</UL>
<P><STRONG><a name="[26]"></a>TIM2_IRQHandler</STRONG> (Thumb, 0 bytes, Stack size 0 bytes, startup_stm32f10x_md.o(.text))
<BR>[Address Reference Count : 1]<UL><LI> startup_stm32f10x_md.o(RESET)
</UL>
<P><STRONG><a name="[27]"></a>TIM3_IRQHandler</STRONG> (Thumb, 0 bytes, Stack size 0 bytes, startup_stm32f10x_md.o(.text))
<BR>[Address Reference Count : 1]<UL><LI> startup_stm32f10x_md.o(RESET)
</UL>
<P><STRONG><a name="[28]"></a>TIM4_IRQHandler</STRONG> (Thumb, 0 bytes, Stack size 0 bytes, startup_stm32f10x_md.o(.text))
<BR>[Address Reference Count : 1]<UL><LI> startup_stm32f10x_md.o(RESET)
</UL>
<P><STRONG><a name="[2f]"></a>USART1_IRQHandler</STRONG> (Thumb, 0 bytes, Stack size 0 bytes, startup_stm32f10x_md.o(.text))
<BR>[Address Reference Count : 1]<UL><LI> startup_stm32f10x_md.o(RESET)
</UL>
<P><STRONG><a name="[30]"></a>USART2_IRQHandler</STRONG> (Thumb, 0 bytes, Stack size 0 bytes, startup_stm32f10x_md.o(.text))
<BR>[Address Reference Count : 1]<UL><LI> startup_stm32f10x_md.o(RESET)
</UL>
<P><STRONG><a name="[31]"></a>USART3_IRQHandler</STRONG> (Thumb, 0 bytes, Stack size 0 bytes, startup_stm32f10x_md.o(.text))
<BR>[Address Reference Count : 1]<UL><LI> startup_stm32f10x_md.o(RESET)
</UL>
<P><STRONG><a name="[34]"></a>USBWakeUp_IRQHandler</STRONG> (Thumb, 0 bytes, Stack size 0 bytes, startup_stm32f10x_md.o(.text))
<BR>[Address Reference Count : 1]<UL><LI> startup_stm32f10x_md.o(RESET)
</UL>
<P><STRONG><a name="[1d]"></a>USB_HP_CAN1_TX_IRQHandler</STRONG> (Thumb, 0 bytes, Stack size 0 bytes, startup_stm32f10x_md.o(.text))
<BR>[Address Reference Count : 1]<UL><LI> startup_stm32f10x_md.o(RESET)
</UL>
<P><STRONG><a name="[1e]"></a>USB_LP_CAN1_RX0_IRQHandler</STRONG> (Thumb, 0 bytes, Stack size 0 bytes, startup_stm32f10x_md.o(.text))
<BR>[Address Reference Count : 1]<UL><LI> startup_stm32f10x_md.o(RESET)
</UL>
<P><STRONG><a name="[a]"></a>WWDG_IRQHandler</STRONG> (Thumb, 0 bytes, Stack size 0 bytes, startup_stm32f10x_md.o(.text))
<BR>[Address Reference Count : 1]<UL><LI> startup_stm32f10x_md.o(RESET)
</UL>
<P><STRONG><a name="[37]"></a>__user_initial_stackheap</STRONG> (Thumb, 0 bytes, Stack size unknown bytes, startup_stm32f10x_md.o(.text), UNUSED, KEPT)

<P><STRONG><a name="[94]"></a>__use_two_region_memory</STRONG> (Thumb, 2 bytes, Stack size 0 bytes, heapauxi.o(.text), UNUSED)

<P><STRONG><a name="[95]"></a>__rt_heap_escrow$2region</STRONG> (Thumb, 2 bytes, Stack size 0 bytes, heapauxi.o(.text), UNUSED)

<P><STRONG><a name="[96]"></a>__rt_heap_expand$2region</STRONG> (Thumb, 2 bytes, Stack size 0 bytes, heapauxi.o(.text), UNUSED)

<P><STRONG><a name="[35]"></a>SystemInit</STRONG> (Thumb, 102 bytes, Stack size 8 bytes, system_stm32f10x.o(.text.SystemInit))
<BR><BR>[Stack]<UL><LI>Max Depth = 32<LI>Call Chain = SystemInit &rArr; SetSysClock &rArr; SetSysClockTo72
</UL>
<BR>[Calls]<UL><LI><a href="#[38]">&gt;&gt;</a>&nbsp;&nbsp;&nbsp;SetSysClock
</UL>
<BR>[Address Reference Count : 1]<UL><LI> startup_stm32f10x_md.o(.text)
</UL>
<P><STRONG><a name="[3a]"></a>READ_BUTTONS</STRONG> (Thumb, 24 bytes, Stack size 0 bytes, buttons.o(BUTTONS))
<BR><BR>[Calls]<UL><LI><a href="#[3f]">&gt;&gt;</a>&nbsp;&nbsp;&nbsp;CHECK_OK
<LI><a href="#[3e]">&gt;&gt;</a>&nbsp;&nbsp;&nbsp;CHECK_DOWN
<LI><a href="#[3d]">&gt;&gt;</a>&nbsp;&nbsp;&nbsp;CHECK_UP
<LI><a href="#[3c]">&gt;&gt;</a>&nbsp;&nbsp;&nbsp;CHECK_RIGHT
<LI><a href="#[3b]">&gt;&gt;</a>&nbsp;&nbsp;&nbsp;CHECK_LEFT
</UL>
<BR>[Called By]<UL><LI><a href="#[69]">&gt;&gt;</a>&nbsp;&nbsp;&nbsp;SNAKE_GAME_HIGHER_LEVEL
<LI><a href="#[45]">&gt;&gt;</a>&nbsp;&nbsp;&nbsp;GET_READINGS
<LI><a href="#[68]">&gt;&gt;</a>&nbsp;&nbsp;&nbsp;SNAKE_GAME
</UL>

<P><STRONG><a name="[40]"></a>READ_IR_BUTTONS</STRONG> (Thumb, 334 bytes, Stack size 0 bytes, buttons.o(BUTTONS), UNUSED)
<BR><BR>[Calls]<UL><LI><a href="#[44]">&gt;&gt;</a>&nbsp;&nbsp;&nbsp;CHECK_IR_DOWN_INPUTS
<LI><a href="#[43]">&gt;&gt;</a>&nbsp;&nbsp;&nbsp;CHECK_IR_UP_INPUTS
<LI><a href="#[42]">&gt;&gt;</a>&nbsp;&nbsp;&nbsp;CHECK_IR_LEFT_INPUTS
<LI><a href="#[41]">&gt;&gt;</a>&nbsp;&nbsp;&nbsp;CHECK_IR_RIGHT_INPUTS
</UL>

<P><STRONG><a name="[45]"></a>GET_READINGS</STRONG> (Thumb, 8 bytes, Stack size 0 bytes, buttons.o(BUTTONS))
<BR><BR>[Calls]<UL><LI><a href="#[3a]">&gt;&gt;</a>&nbsp;&nbsp;&nbsp;READ_BUTTONS
</UL>
<BR>[Called By]<UL><LI><a href="#[64]">&gt;&gt;</a>&nbsp;&nbsp;&nbsp;SCREEN_THEMES
<LI><a href="#[62]">&gt;&gt;</a>&nbsp;&nbsp;&nbsp;SCREEN_STOPWATCH
<LI><a href="#[5d]">&gt;&gt;</a>&nbsp;&nbsp;&nbsp;SCREEN_MAIN
<LI><a href="#[66]">&gt;&gt;</a>&nbsp;&nbsp;&nbsp;SCREEN_GAMES
<LI><a href="#[60]">&gt;&gt;</a>&nbsp;&nbsp;&nbsp;SCREEN_ALARM
<LI><a href="#[59]">&gt;&gt;</a>&nbsp;&nbsp;&nbsp;OMNITREX_SCREEN
</UL>

<P><STRONG><a name="[48]"></a>DRAW_LINE_HORIZONTAL</STRONG> (Thumb, 16 bytes, Stack size 0 bytes, draws.o(DRAWS))
<BR><BR>[Calls]<UL><LI><a href="#[47]">&gt;&gt;</a>&nbsp;&nbsp;&nbsp;DRAW_RECTANGLE_FILLED
</UL>
<BR>[Called By]<UL><LI><a href="#[6f]">&gt;&gt;</a>&nbsp;&nbsp;&nbsp;DRAW_RHOMBUS
<LI><a href="#[5a]">&gt;&gt;</a>&nbsp;&nbsp;&nbsp;DRAW_BEN10_SCREEN
</UL>

<P><STRONG><a name="[47]"></a>DRAW_RECTANGLE_FILLED</STRONG> (Thumb, 60 bytes, Stack size 0 bytes, draws.o(DRAWS))
<BR><BR>[Calls]<UL><LI><a href="#[49]">&gt;&gt;</a>&nbsp;&nbsp;&nbsp;ADDRESS_SET
<LI><a href="#[4a]">&gt;&gt;</a>&nbsp;&nbsp;&nbsp;LCD_DATA_WRITE
</UL>
<BR>[Called By]<UL><LI><a href="#[8d]">&gt;&gt;</a>&nbsp;&nbsp;&nbsp;DRAW_NEW_SNAKE
<LI><a href="#[8c]">&gt;&gt;</a>&nbsp;&nbsp;&nbsp;DRAW_BORDERS_OF_DANGER_ZONE
<LI><a href="#[89]">&gt;&gt;</a>&nbsp;&nbsp;&nbsp;DRAW_GAME_BUTTONS
<LI><a href="#[82]">&gt;&gt;</a>&nbsp;&nbsp;&nbsp;DRAW_ALARM_BUTTONS
<LI><a href="#[7f]">&gt;&gt;</a>&nbsp;&nbsp;&nbsp;ALARM_TIMER
<LI><a href="#[7c]">&gt;&gt;</a>&nbsp;&nbsp;&nbsp;DRAW_STOPWATCH_BUTTONS
<LI><a href="#[79]">&gt;&gt;</a>&nbsp;&nbsp;&nbsp;STOPWATCH_TIMER
<LI><a href="#[76]">&gt;&gt;</a>&nbsp;&nbsp;&nbsp;DRAW_THEMES_SCREEN
<LI><a href="#[73]">&gt;&gt;</a>&nbsp;&nbsp;&nbsp;DRAW_OVERLAY_SCREEN
<LI><a href="#[70]">&gt;&gt;</a>&nbsp;&nbsp;&nbsp;DRAW_CLOCK_PART
<LI><a href="#[6f]">&gt;&gt;</a>&nbsp;&nbsp;&nbsp;DRAW_RHOMBUS
<LI><a href="#[69]">&gt;&gt;</a>&nbsp;&nbsp;&nbsp;SNAKE_GAME_HIGHER_LEVEL
<LI><a href="#[8b]">&gt;&gt;</a>&nbsp;&nbsp;&nbsp;DRAW_NEW_SNAKE
<LI><a href="#[8a]">&gt;&gt;</a>&nbsp;&nbsp;&nbsp;DRAW_CRABBY_PATY
<LI><a href="#[52]">&gt;&gt;</a>&nbsp;&nbsp;&nbsp;SIMPLE_ANIMATION
<LI><a href="#[48]">&gt;&gt;</a>&nbsp;&nbsp;&nbsp;DRAW_LINE_HORIZONTAL
<LI><a href="#[4b]">&gt;&gt;</a>&nbsp;&nbsp;&nbsp;DRAWPIXEL
<LI><a href="#[46]">&gt;&gt;</a>&nbsp;&nbsp;&nbsp;DRAW_LINE_VERTICAL
<LI><a href="#[68]">&gt;&gt;</a>&nbsp;&nbsp;&nbsp;SNAKE_GAME
<LI><a href="#[64]">&gt;&gt;</a>&nbsp;&nbsp;&nbsp;SCREEN_THEMES
<LI><a href="#[66]">&gt;&gt;</a>&nbsp;&nbsp;&nbsp;SCREEN_GAMES
<LI><a href="#[57]">&gt;&gt;</a>&nbsp;&nbsp;&nbsp;DRAW_INTRO_SCREEN
<LI><a href="#[5a]">&gt;&gt;</a>&nbsp;&nbsp;&nbsp;DRAW_BEN10_SCREEN
<LI><a href="#[58]">&gt;&gt;</a>&nbsp;&nbsp;&nbsp;BOX_EXPANSION
</UL>

<P><STRONG><a name="[4d]"></a>DRAW_CHAR</STRONG> (Thumb, 58 bytes, Stack size 0 bytes, draws.o(DRAWS))
<BR><BR>[Calls]<UL><LI><a href="#[4b]">&gt;&gt;</a>&nbsp;&nbsp;&nbsp;DRAWPIXEL
</UL>
<BR>[Called By]<UL><LI><a href="#[88]">&gt;&gt;</a>&nbsp;&nbsp;&nbsp;DRAW_GAME_TWO_BUTTON
<LI><a href="#[87]">&gt;&gt;</a>&nbsp;&nbsp;&nbsp;DRAW_GAME_ONE_BUTTON
<LI><a href="#[86]">&gt;&gt;</a>&nbsp;&nbsp;&nbsp;GAME_TEXT
<LI><a href="#[83]">&gt;&gt;</a>&nbsp;&nbsp;&nbsp;DRAW_OMNITRIX
<LI><a href="#[84]">&gt;&gt;</a>&nbsp;&nbsp;&nbsp;DRAW_ULTIMATE
<LI><a href="#[85]">&gt;&gt;</a>&nbsp;&nbsp;&nbsp;DRAW_TEAM
<LI><a href="#[81]">&gt;&gt;</a>&nbsp;&nbsp;&nbsp;DRAW_RESET_BUTTON
<LI><a href="#[80]">&gt;&gt;</a>&nbsp;&nbsp;&nbsp;DRAW_SET_BUTTON
<LI><a href="#[7f]">&gt;&gt;</a>&nbsp;&nbsp;&nbsp;ALARM_TIMER
<LI><a href="#[7e]">&gt;&gt;</a>&nbsp;&nbsp;&nbsp;ALARM_TEXT
<LI><a href="#[7d]">&gt;&gt;</a>&nbsp;&nbsp;&nbsp;THEMES_TEXT
<LI><a href="#[7b]">&gt;&gt;</a>&nbsp;&nbsp;&nbsp;DRAW_STOP_BUTTON
<LI><a href="#[7a]">&gt;&gt;</a>&nbsp;&nbsp;&nbsp;DRAW_START_BUTTON
<LI><a href="#[79]">&gt;&gt;</a>&nbsp;&nbsp;&nbsp;STOPWATCH_TIMER
<LI><a href="#[78]">&gt;&gt;</a>&nbsp;&nbsp;&nbsp;STOPWATCH_TEXT
<LI><a href="#[72]">&gt;&gt;</a>&nbsp;&nbsp;&nbsp;DRAW_HERO_TIME
<LI><a href="#[52]">&gt;&gt;</a>&nbsp;&nbsp;&nbsp;SIMPLE_ANIMATION
<LI><a href="#[50]">&gt;&gt;</a>&nbsp;&nbsp;&nbsp;DRAW_NUMBERS
</UL>

<P><STRONG><a name="[4e]"></a>DRAW_CHAR_I</STRONG> (Thumb, 58 bytes, Stack size 0 bytes, draws.o(DRAWS))
<BR><BR>[Calls]<UL><LI><a href="#[4b]">&gt;&gt;</a>&nbsp;&nbsp;&nbsp;DRAWPIXEL
</UL>
<BR>[Called By]<UL><LI><a href="#[83]">&gt;&gt;</a>&nbsp;&nbsp;&nbsp;DRAW_OMNITRIX
<LI><a href="#[84]">&gt;&gt;</a>&nbsp;&nbsp;&nbsp;DRAW_ULTIMATE
<LI><a href="#[78]">&gt;&gt;</a>&nbsp;&nbsp;&nbsp;STOPWATCH_TEXT
<LI><a href="#[72]">&gt;&gt;</a>&nbsp;&nbsp;&nbsp;DRAW_HERO_TIME
</UL>

<P><STRONG><a name="[4f]"></a>DRAW_CHAR_M</STRONG> (Thumb, 58 bytes, Stack size 0 bytes, draws.o(DRAWS))
<BR><BR>[Calls]<UL><LI><a href="#[4b]">&gt;&gt;</a>&nbsp;&nbsp;&nbsp;DRAWPIXEL
</UL>
<BR>[Called By]<UL><LI><a href="#[88]">&gt;&gt;</a>&nbsp;&nbsp;&nbsp;DRAW_GAME_TWO_BUTTON
<LI><a href="#[87]">&gt;&gt;</a>&nbsp;&nbsp;&nbsp;DRAW_GAME_ONE_BUTTON
<LI><a href="#[86]">&gt;&gt;</a>&nbsp;&nbsp;&nbsp;GAME_TEXT
<LI><a href="#[83]">&gt;&gt;</a>&nbsp;&nbsp;&nbsp;DRAW_OMNITRIX
<LI><a href="#[84]">&gt;&gt;</a>&nbsp;&nbsp;&nbsp;DRAW_ULTIMATE
<LI><a href="#[85]">&gt;&gt;</a>&nbsp;&nbsp;&nbsp;DRAW_TEAM
<LI><a href="#[7e]">&gt;&gt;</a>&nbsp;&nbsp;&nbsp;ALARM_TEXT
<LI><a href="#[7d]">&gt;&gt;</a>&nbsp;&nbsp;&nbsp;THEMES_TEXT
<LI><a href="#[78]">&gt;&gt;</a>&nbsp;&nbsp;&nbsp;STOPWATCH_TEXT
<LI><a href="#[72]">&gt;&gt;</a>&nbsp;&nbsp;&nbsp;DRAW_HERO_TIME
</UL>

<P><STRONG><a name="[97]"></a>COUNTER</STRONG> (Thumb, 8 bytes, Stack size 0 bytes, draws.o(DRAWS), UNUSED)

<P><STRONG><a name="[50]"></a>DRAW_NUMBERS</STRONG> (Thumb, 130 bytes, Stack size 0 bytes, draws.o(DRAWS))
<BR><BR>[Calls]<UL><LI><a href="#[4d]">&gt;&gt;</a>&nbsp;&nbsp;&nbsp;DRAW_CHAR
</UL>
<BR>[Called By]<UL><LI><a href="#[5f]">&gt;&gt;</a>&nbsp;&nbsp;&nbsp;HANDLE_TEMP_SENSOR
<LI><a href="#[51]">&gt;&gt;</a>&nbsp;&nbsp;&nbsp;DRAW_DIGIT_PAIR
</UL>

<P><STRONG><a name="[51]"></a>DRAW_DIGIT_PAIR</STRONG> (Thumb, 42 bytes, Stack size 0 bytes, draws.o(DRAWS))
<BR><BR>[Calls]<UL><LI><a href="#[50]">&gt;&gt;</a>&nbsp;&nbsp;&nbsp;DRAW_NUMBERS
</UL>
<BR>[Called By]<UL><LI><a href="#[70]">&gt;&gt;</a>&nbsp;&nbsp;&nbsp;DRAW_CLOCK_PART
</UL>

<P><STRONG><a name="[52]"></a>SIMPLE_ANIMATION</STRONG> (Thumb, 108 bytes, Stack size 0 bytes, draws.o(DRAWS), UNUSED)
<BR><BR>[Calls]<UL><LI><a href="#[47]">&gt;&gt;</a>&nbsp;&nbsp;&nbsp;DRAW_RECTANGLE_FILLED
<LI><a href="#[4d]">&gt;&gt;</a>&nbsp;&nbsp;&nbsp;DRAW_CHAR
<LI><a href="#[53]">&gt;&gt;</a>&nbsp;&nbsp;&nbsp;delay_1_second
</UL>

<P><STRONG><a name="[54]"></a>DRAW_ICON_OP</STRONG> (Thumb, 76 bytes, Stack size 0 bytes, draws.o(DRAWS))
<BR><BR>[Calls]<UL><LI><a href="#[4b]">&gt;&gt;</a>&nbsp;&nbsp;&nbsp;DRAWPIXEL
</UL>
<BR>[Called By]<UL><LI><a href="#[71]">&gt;&gt;</a>&nbsp;&nbsp;&nbsp;DRAW_HOME_INTERFACE
<LI><a href="#[65]">&gt;&gt;</a>&nbsp;&nbsp;&nbsp;THEMES_INTERFACE
<LI><a href="#[63]">&gt;&gt;</a>&nbsp;&nbsp;&nbsp;STOPWATCH_INTERFACE
<LI><a href="#[5e]">&gt;&gt;</a>&nbsp;&nbsp;&nbsp;HOME_INTERFACE
<LI><a href="#[67]">&gt;&gt;</a>&nbsp;&nbsp;&nbsp;GAMES_INTERFACE
<LI><a href="#[61]">&gt;&gt;</a>&nbsp;&nbsp;&nbsp;ALARM_INTERFACE
</UL>

<P><STRONG><a name="[55]"></a>DRAW_ICON_OPS</STRONG> (Thumb, 76 bytes, Stack size 0 bytes, draws.o(DRAWS))
<BR><BR>[Calls]<UL><LI><a href="#[4b]">&gt;&gt;</a>&nbsp;&nbsp;&nbsp;DRAWPIXEL
</UL>
<BR>[Called By]<UL><LI><a href="#[64]">&gt;&gt;</a>&nbsp;&nbsp;&nbsp;SCREEN_THEMES
<LI><a href="#[66]">&gt;&gt;</a>&nbsp;&nbsp;&nbsp;SCREEN_GAMES
</UL>

<P><STRONG><a name="[56]"></a>HELLO_SCREEN</STRONG> (Thumb, 12 bytes, Stack size 0 bytes, integration.o(INTEGRATION))
<BR><BR>[Calls]<UL><LI><a href="#[57]">&gt;&gt;</a>&nbsp;&nbsp;&nbsp;DRAW_INTRO_SCREEN
<LI><a href="#[58]">&gt;&gt;</a>&nbsp;&nbsp;&nbsp;BOX_EXPANSION
</UL>
<BR>[Called By]<UL><LI><a href="#[36]">&gt;&gt;</a>&nbsp;&nbsp;&nbsp;__main
</UL>

<P><STRONG><a name="[59]"></a>OMNITREX_SCREEN</STRONG> (Thumb, 22 bytes, Stack size 0 bytes, integration.o(INTEGRATION))
<BR><BR>[Calls]<UL><LI><a href="#[45]">&gt;&gt;</a>&nbsp;&nbsp;&nbsp;GET_READINGS
<LI><a href="#[5a]">&gt;&gt;</a>&nbsp;&nbsp;&nbsp;DRAW_BEN10_SCREEN
</UL>
<BR>[Called By]<UL><LI><a href="#[36]">&gt;&gt;</a>&nbsp;&nbsp;&nbsp;__main
</UL>

<P><STRONG><a name="[5b]"></a>HOME_SCREEN</STRONG> (Thumb, 8 bytes, Stack size 0 bytes, integration.o(INTEGRATION))
<BR><BR>[Calls]<UL><LI><a href="#[5c]">&gt;&gt;</a>&nbsp;&nbsp;&nbsp;DRAW_HOME_SCREEN
</UL>
<BR>[Called By]<UL><LI><a href="#[36]">&gt;&gt;</a>&nbsp;&nbsp;&nbsp;__main
</UL>

<P><STRONG><a name="[5d]"></a>SCREEN_MAIN</STRONG> (Thumb, 22 bytes, Stack size 0 bytes, integration.o(INTEGRATION))
<BR><BR>[Calls]<UL><LI><a href="#[5e]">&gt;&gt;</a>&nbsp;&nbsp;&nbsp;HOME_INTERFACE
<LI><a href="#[5f]">&gt;&gt;</a>&nbsp;&nbsp;&nbsp;HANDLE_TEMP_SENSOR
<LI><a href="#[45]">&gt;&gt;</a>&nbsp;&nbsp;&nbsp;GET_READINGS
</UL>
<BR>[Called By]<UL><LI><a href="#[36]">&gt;&gt;</a>&nbsp;&nbsp;&nbsp;__main
</UL>

<P><STRONG><a name="[60]"></a>SCREEN_ALARM</STRONG> (Thumb, 18 bytes, Stack size 0 bytes, integration.o(INTEGRATION))
<BR><BR>[Calls]<UL><LI><a href="#[61]">&gt;&gt;</a>&nbsp;&nbsp;&nbsp;ALARM_INTERFACE
<LI><a href="#[45]">&gt;&gt;</a>&nbsp;&nbsp;&nbsp;GET_READINGS
</UL>
<BR>[Called By]<UL><LI><a href="#[36]">&gt;&gt;</a>&nbsp;&nbsp;&nbsp;__main
</UL>

<P><STRONG><a name="[62]"></a>SCREEN_STOPWATCH</STRONG> (Thumb, 18 bytes, Stack size 0 bytes, integration.o(INTEGRATION))
<BR><BR>[Calls]<UL><LI><a href="#[63]">&gt;&gt;</a>&nbsp;&nbsp;&nbsp;STOPWATCH_INTERFACE
<LI><a href="#[45]">&gt;&gt;</a>&nbsp;&nbsp;&nbsp;GET_READINGS
</UL>
<BR>[Called By]<UL><LI><a href="#[36]">&gt;&gt;</a>&nbsp;&nbsp;&nbsp;__main
</UL>

<P><STRONG><a name="[64]"></a>SCREEN_THEMES</STRONG> (Thumb, 328 bytes, Stack size 0 bytes, integration.o(INTEGRATION))
<BR><BR>[Calls]<UL><LI><a href="#[65]">&gt;&gt;</a>&nbsp;&nbsp;&nbsp;THEMES_INTERFACE
<LI><a href="#[45]">&gt;&gt;</a>&nbsp;&nbsp;&nbsp;GET_READINGS
<LI><a href="#[55]">&gt;&gt;</a>&nbsp;&nbsp;&nbsp;DRAW_ICON_OPS
<LI><a href="#[47]">&gt;&gt;</a>&nbsp;&nbsp;&nbsp;DRAW_RECTANGLE_FILLED
</UL>
<BR>[Called By]<UL><LI><a href="#[36]">&gt;&gt;</a>&nbsp;&nbsp;&nbsp;__main
</UL>

<P><STRONG><a name="[66]"></a>SCREEN_GAMES</STRONG> (Thumb, 244 bytes, Stack size 0 bytes, integration.o(INTEGRATION))
<BR><BR>[Calls]<UL><LI><a href="#[69]">&gt;&gt;</a>&nbsp;&nbsp;&nbsp;SNAKE_GAME_HIGHER_LEVEL
<LI><a href="#[67]">&gt;&gt;</a>&nbsp;&nbsp;&nbsp;GAMES_INTERFACE
<LI><a href="#[45]">&gt;&gt;</a>&nbsp;&nbsp;&nbsp;GET_READINGS
<LI><a href="#[55]">&gt;&gt;</a>&nbsp;&nbsp;&nbsp;DRAW_ICON_OPS
<LI><a href="#[68]">&gt;&gt;</a>&nbsp;&nbsp;&nbsp;SNAKE_GAME
<LI><a href="#[47]">&gt;&gt;</a>&nbsp;&nbsp;&nbsp;DRAW_RECTANGLE_FILLED
<LI><a href="#[5c]">&gt;&gt;</a>&nbsp;&nbsp;&nbsp;DRAW_HOME_SCREEN
</UL>
<BR>[Called By]<UL><LI><a href="#[36]">&gt;&gt;</a>&nbsp;&nbsp;&nbsp;__main
</UL>

<P><STRONG><a name="[36]"></a>__main</STRONG> (Thumb, 170 bytes, Stack size 0 bytes, tft.o(MYCODE))
<BR><BR>[Calls]<UL><LI><a href="#[64]">&gt;&gt;</a>&nbsp;&nbsp;&nbsp;SCREEN_THEMES
<LI><a href="#[62]">&gt;&gt;</a>&nbsp;&nbsp;&nbsp;SCREEN_STOPWATCH
<LI><a href="#[5d]">&gt;&gt;</a>&nbsp;&nbsp;&nbsp;SCREEN_MAIN
<LI><a href="#[66]">&gt;&gt;</a>&nbsp;&nbsp;&nbsp;SCREEN_GAMES
<LI><a href="#[60]">&gt;&gt;</a>&nbsp;&nbsp;&nbsp;SCREEN_ALARM
<LI><a href="#[59]">&gt;&gt;</a>&nbsp;&nbsp;&nbsp;OMNITREX_SCREEN
<LI><a href="#[5b]">&gt;&gt;</a>&nbsp;&nbsp;&nbsp;HOME_SCREEN
<LI><a href="#[56]">&gt;&gt;</a>&nbsp;&nbsp;&nbsp;HELLO_SCREEN
<LI><a href="#[6b]">&gt;&gt;</a>&nbsp;&nbsp;&nbsp;SETUP
</UL>
<BR>[Address Reference Count : 1]<UL><LI> startup_stm32f10x_md.o(.text)
</UL>
<P><STRONG><a name="[6c]"></a>LCD_WRITE</STRONG> (Thumb, 38 bytes, Stack size 0 bytes, tft.o(MYCODE))
<BR><BR>[Called By]<UL><LI><a href="#[4a]">&gt;&gt;</a>&nbsp;&nbsp;&nbsp;LCD_DATA_WRITE
<LI><a href="#[4c]">&gt;&gt;</a>&nbsp;&nbsp;&nbsp;LCD_COMMAND_WRITE
</UL>

<P><STRONG><a name="[4c]"></a>LCD_COMMAND_WRITE</STRONG> (Thumb, 28 bytes, Stack size 0 bytes, tft.o(MYCODE))
<BR><BR>[Calls]<UL><LI><a href="#[6c]">&gt;&gt;</a>&nbsp;&nbsp;&nbsp;LCD_WRITE
</UL>
<BR>[Called By]<UL><LI><a href="#[49]">&gt;&gt;</a>&nbsp;&nbsp;&nbsp;ADDRESS_SET
<LI><a href="#[6d]">&gt;&gt;</a>&nbsp;&nbsp;&nbsp;LCD_INIT
</UL>

<P><STRONG><a name="[4a]"></a>LCD_DATA_WRITE</STRONG> (Thumb, 28 bytes, Stack size 0 bytes, tft.o(MYCODE))
<BR><BR>[Calls]<UL><LI><a href="#[6c]">&gt;&gt;</a>&nbsp;&nbsp;&nbsp;LCD_WRITE
</UL>
<BR>[Called By]<UL><LI><a href="#[49]">&gt;&gt;</a>&nbsp;&nbsp;&nbsp;ADDRESS_SET
<LI><a href="#[47]">&gt;&gt;</a>&nbsp;&nbsp;&nbsp;DRAW_RECTANGLE_FILLED
<LI><a href="#[6d]">&gt;&gt;</a>&nbsp;&nbsp;&nbsp;LCD_INIT
</UL>

<P><STRONG><a name="[53]"></a>delay_1_second</STRONG> (Thumb, 22 bytes, Stack size 0 bytes, tft.o(MYCODE))
<BR><BR>[Called By]<UL><LI><a href="#[70]">&gt;&gt;</a>&nbsp;&nbsp;&nbsp;DRAW_CLOCK_PART
<LI><a href="#[69]">&gt;&gt;</a>&nbsp;&nbsp;&nbsp;SNAKE_GAME_HIGHER_LEVEL
<LI><a href="#[52]">&gt;&gt;</a>&nbsp;&nbsp;&nbsp;SIMPLE_ANIMATION
<LI><a href="#[68]">&gt;&gt;</a>&nbsp;&nbsp;&nbsp;SNAKE_GAME
<LI><a href="#[58]">&gt;&gt;</a>&nbsp;&nbsp;&nbsp;BOX_EXPANSION
</UL>

<P><STRONG><a name="[6e]"></a>delay_half_second</STRONG> (Thumb, 0 bytes, Stack size unknown bytes, tft.o(MYCODE))
<BR><BR>[Called By]<UL><LI><a href="#[69]">&gt;&gt;</a>&nbsp;&nbsp;&nbsp;SNAKE_GAME_HIGHER_LEVEL
<LI><a href="#[68]">&gt;&gt;</a>&nbsp;&nbsp;&nbsp;SNAKE_GAME
<LI><a href="#[6d]">&gt;&gt;</a>&nbsp;&nbsp;&nbsp;LCD_INIT
</UL>

<P><STRONG><a name="[58]"></a>BOX_EXPANSION</STRONG> (Thumb, 80 bytes, Stack size 0 bytes, screens_draws.o(SCREENDRAWS))
<BR><BR>[Calls]<UL><LI><a href="#[47]">&gt;&gt;</a>&nbsp;&nbsp;&nbsp;DRAW_RECTANGLE_FILLED
<LI><a href="#[53]">&gt;&gt;</a>&nbsp;&nbsp;&nbsp;delay_1_second
</UL>
<BR>[Called By]<UL><LI><a href="#[56]">&gt;&gt;</a>&nbsp;&nbsp;&nbsp;HELLO_SCREEN
</UL>

<P><STRONG><a name="[5a]"></a>DRAW_BEN10_SCREEN</STRONG> (Thumb, 208 bytes, Stack size 0 bytes, screens_draws.o(SCREENDRAWS))
<BR><BR>[Calls]<UL><LI><a href="#[48]">&gt;&gt;</a>&nbsp;&nbsp;&nbsp;DRAW_LINE_HORIZONTAL
<LI><a href="#[47]">&gt;&gt;</a>&nbsp;&nbsp;&nbsp;DRAW_RECTANGLE_FILLED
</UL>
<BR>[Called By]<UL><LI><a href="#[59]">&gt;&gt;</a>&nbsp;&nbsp;&nbsp;OMNITREX_SCREEN
</UL>

<P><STRONG><a name="[5c]"></a>DRAW_HOME_SCREEN</STRONG> (Thumb, 16 bytes, Stack size 0 bytes, screens_draws.o(SCREENDRAWS))
<BR><BR>[Calls]<UL><LI><a href="#[70]">&gt;&gt;</a>&nbsp;&nbsp;&nbsp;DRAW_CLOCK_PART
<LI><a href="#[6f]">&gt;&gt;</a>&nbsp;&nbsp;&nbsp;DRAW_RHOMBUS
</UL>
<BR>[Called By]<UL><LI><a href="#[66]">&gt;&gt;</a>&nbsp;&nbsp;&nbsp;SCREEN_GAMES
<LI><a href="#[5b]">&gt;&gt;</a>&nbsp;&nbsp;&nbsp;HOME_SCREEN
</UL>

<P><STRONG><a name="[5e]"></a>HOME_INTERFACE</STRONG> (Thumb, 34 bytes, Stack size 0 bytes, screens_draws.o(SCREENDRAWS))
<BR><BR>[Calls]<UL><LI><a href="#[73]">&gt;&gt;</a>&nbsp;&nbsp;&nbsp;DRAW_OVERLAY_SCREEN
<LI><a href="#[71]">&gt;&gt;</a>&nbsp;&nbsp;&nbsp;DRAW_HOME_INTERFACE
<LI><a href="#[54]">&gt;&gt;</a>&nbsp;&nbsp;&nbsp;DRAW_ICON_OP
</UL>
<BR>[Called By]<UL><LI><a href="#[5d]">&gt;&gt;</a>&nbsp;&nbsp;&nbsp;SCREEN_MAIN
</UL>

<P><STRONG><a name="[63]"></a>STOPWATCH_INTERFACE</STRONG> (Thumb, 34 bytes, Stack size 0 bytes, screens_draws.o(SCREENDRAWS))
<BR><BR>[Calls]<UL><LI><a href="#[74]">&gt;&gt;</a>&nbsp;&nbsp;&nbsp;DRAW_STOPWATCH_SCREEN
<LI><a href="#[73]">&gt;&gt;</a>&nbsp;&nbsp;&nbsp;DRAW_OVERLAY_SCREEN
<LI><a href="#[54]">&gt;&gt;</a>&nbsp;&nbsp;&nbsp;DRAW_ICON_OP
</UL>
<BR>[Called By]<UL><LI><a href="#[62]">&gt;&gt;</a>&nbsp;&nbsp;&nbsp;SCREEN_STOPWATCH
</UL>

<P><STRONG><a name="[61]"></a>ALARM_INTERFACE</STRONG> (Thumb, 34 bytes, Stack size 0 bytes, screens_draws.o(SCREENDRAWS))
<BR><BR>[Calls]<UL><LI><a href="#[75]">&gt;&gt;</a>&nbsp;&nbsp;&nbsp;DRAW_ALARM_SCREEN
<LI><a href="#[73]">&gt;&gt;</a>&nbsp;&nbsp;&nbsp;DRAW_OVERLAY_SCREEN
<LI><a href="#[54]">&gt;&gt;</a>&nbsp;&nbsp;&nbsp;DRAW_ICON_OP
</UL>
<BR>[Called By]<UL><LI><a href="#[60]">&gt;&gt;</a>&nbsp;&nbsp;&nbsp;SCREEN_ALARM
</UL>

<P><STRONG><a name="[65]"></a>THEMES_INTERFACE</STRONG> (Thumb, 34 bytes, Stack size 0 bytes, screens_draws.o(SCREENDRAWS))
<BR><BR>[Calls]<UL><LI><a href="#[76]">&gt;&gt;</a>&nbsp;&nbsp;&nbsp;DRAW_THEMES_SCREEN
<LI><a href="#[73]">&gt;&gt;</a>&nbsp;&nbsp;&nbsp;DRAW_OVERLAY_SCREEN
<LI><a href="#[54]">&gt;&gt;</a>&nbsp;&nbsp;&nbsp;DRAW_ICON_OP
</UL>
<BR>[Called By]<UL><LI><a href="#[64]">&gt;&gt;</a>&nbsp;&nbsp;&nbsp;SCREEN_THEMES
</UL>

<P><STRONG><a name="[67]"></a>GAMES_INTERFACE</STRONG> (Thumb, 34 bytes, Stack size 0 bytes, screens_draws.o(SCREENDRAWS))
<BR><BR>[Calls]<UL><LI><a href="#[77]">&gt;&gt;</a>&nbsp;&nbsp;&nbsp;DRAW_GAME_SCREEN
<LI><a href="#[73]">&gt;&gt;</a>&nbsp;&nbsp;&nbsp;DRAW_OVERLAY_SCREEN
<LI><a href="#[54]">&gt;&gt;</a>&nbsp;&nbsp;&nbsp;DRAW_ICON_OP
</UL>
<BR>[Called By]<UL><LI><a href="#[66]">&gt;&gt;</a>&nbsp;&nbsp;&nbsp;SCREEN_GAMES
</UL>

<P><STRONG><a name="[74]"></a>DRAW_STOPWATCH_SCREEN</STRONG> (Thumb, 20 bytes, Stack size 0 bytes, stopwatchscreen.o(SCREENDRAWS))
<BR><BR>[Calls]<UL><LI><a href="#[7c]">&gt;&gt;</a>&nbsp;&nbsp;&nbsp;DRAW_STOPWATCH_BUTTONS
<LI><a href="#[79]">&gt;&gt;</a>&nbsp;&nbsp;&nbsp;STOPWATCH_TIMER
<LI><a href="#[78]">&gt;&gt;</a>&nbsp;&nbsp;&nbsp;STOPWATCH_TEXT
</UL>
<BR>[Called By]<UL><LI><a href="#[63]">&gt;&gt;</a>&nbsp;&nbsp;&nbsp;STOPWATCH_INTERFACE
</UL>

<P><STRONG><a name="[76]"></a>DRAW_THEMES_SCREEN</STRONG> (Thumb, 88 bytes, Stack size 0 bytes, themes.o(SCREENDRAWS))
<BR><BR>[Calls]<UL><LI><a href="#[7d]">&gt;&gt;</a>&nbsp;&nbsp;&nbsp;THEMES_TEXT
<LI><a href="#[47]">&gt;&gt;</a>&nbsp;&nbsp;&nbsp;DRAW_RECTANGLE_FILLED
</UL>
<BR>[Called By]<UL><LI><a href="#[65]">&gt;&gt;</a>&nbsp;&nbsp;&nbsp;THEMES_INTERFACE
</UL>

<P><STRONG><a name="[75]"></a>DRAW_ALARM_SCREEN</STRONG> (Thumb, 20 bytes, Stack size 0 bytes, alarmscreen.o(SCREENDRAWS))
<BR><BR>[Calls]<UL><LI><a href="#[82]">&gt;&gt;</a>&nbsp;&nbsp;&nbsp;DRAW_ALARM_BUTTONS
<LI><a href="#[7f]">&gt;&gt;</a>&nbsp;&nbsp;&nbsp;ALARM_TIMER
<LI><a href="#[7e]">&gt;&gt;</a>&nbsp;&nbsp;&nbsp;ALARM_TEXT
</UL>
<BR>[Called By]<UL><LI><a href="#[61]">&gt;&gt;</a>&nbsp;&nbsp;&nbsp;ALARM_INTERFACE
</UL>

<P><STRONG><a name="[57]"></a>DRAW_INTRO_SCREEN</STRONG> (Thumb, 44 bytes, Stack size 0 bytes, omnitext.o(SCREENDRAWS))
<BR><BR>[Calls]<UL><LI><a href="#[83]">&gt;&gt;</a>&nbsp;&nbsp;&nbsp;DRAW_OMNITRIX
<LI><a href="#[84]">&gt;&gt;</a>&nbsp;&nbsp;&nbsp;DRAW_ULTIMATE
<LI><a href="#[85]">&gt;&gt;</a>&nbsp;&nbsp;&nbsp;DRAW_TEAM
<LI><a href="#[47]">&gt;&gt;</a>&nbsp;&nbsp;&nbsp;DRAW_RECTANGLE_FILLED
</UL>
<BR>[Called By]<UL><LI><a href="#[56]">&gt;&gt;</a>&nbsp;&nbsp;&nbsp;HELLO_SCREEN
</UL>

<P><STRONG><a name="[77]"></a>DRAW_GAME_SCREEN</STRONG> (Thumb, 16 bytes, Stack size 0 bytes, games.o(SCREENDRAWS))
<BR><BR>[Calls]<UL><LI><a href="#[89]">&gt;&gt;</a>&nbsp;&nbsp;&nbsp;DRAW_GAME_BUTTONS
<LI><a href="#[86]">&gt;&gt;</a>&nbsp;&nbsp;&nbsp;GAME_TEXT
</UL>
<BR>[Called By]<UL><LI><a href="#[67]">&gt;&gt;</a>&nbsp;&nbsp;&nbsp;GAMES_INTERFACE
</UL>

<P><STRONG><a name="[68]"></a>SNAKE_GAME</STRONG> (Thumb, 230 bytes, Stack size 0 bytes, snakegame.o(SNAKE_CODE))
<BR><BR>[Calls]<UL><LI><a href="#[8b]">&gt;&gt;</a>&nbsp;&nbsp;&nbsp;DRAW_NEW_SNAKE
<LI><a href="#[8a]">&gt;&gt;</a>&nbsp;&nbsp;&nbsp;DRAW_CRABBY_PATY
<LI><a href="#[68]">&gt;&gt;</a>&nbsp;&nbsp;&nbsp;SNAKE_GAME
<LI><a href="#[3a]">&gt;&gt;</a>&nbsp;&nbsp;&nbsp;READ_BUTTONS
<LI><a href="#[47]">&gt;&gt;</a>&nbsp;&nbsp;&nbsp;DRAW_RECTANGLE_FILLED
<LI><a href="#[6e]">&gt;&gt;</a>&nbsp;&nbsp;&nbsp;delay_half_second
<LI><a href="#[53]">&gt;&gt;</a>&nbsp;&nbsp;&nbsp;delay_1_second
</UL>
<BR>[Called By]<UL><LI><a href="#[68]">&gt;&gt;</a>&nbsp;&nbsp;&nbsp;SNAKE_GAME
<LI><a href="#[66]">&gt;&gt;</a>&nbsp;&nbsp;&nbsp;SCREEN_GAMES
</UL>

<P><STRONG><a name="[69]"></a>SNAKE_GAME_HIGHER_LEVEL</STRONG> (Thumb, 298 bytes, Stack size 0 bytes, snakehigherlevel.o(SNAKE_CODE))
<BR><BR>[Calls]<UL><LI><a href="#[8d]">&gt;&gt;</a>&nbsp;&nbsp;&nbsp;DRAW_NEW_SNAKE
<LI><a href="#[8c]">&gt;&gt;</a>&nbsp;&nbsp;&nbsp;DRAW_BORDERS_OF_DANGER_ZONE
<LI><a href="#[69]">&gt;&gt;</a>&nbsp;&nbsp;&nbsp;SNAKE_GAME_HIGHER_LEVEL
<LI><a href="#[3a]">&gt;&gt;</a>&nbsp;&nbsp;&nbsp;READ_BUTTONS
<LI><a href="#[47]">&gt;&gt;</a>&nbsp;&nbsp;&nbsp;DRAW_RECTANGLE_FILLED
<LI><a href="#[6e]">&gt;&gt;</a>&nbsp;&nbsp;&nbsp;delay_half_second
<LI><a href="#[53]">&gt;&gt;</a>&nbsp;&nbsp;&nbsp;delay_1_second
</UL>
<BR>[Called By]<UL><LI><a href="#[69]">&gt;&gt;</a>&nbsp;&nbsp;&nbsp;SNAKE_GAME_HIGHER_LEVEL
<LI><a href="#[66]">&gt;&gt;</a>&nbsp;&nbsp;&nbsp;SCREEN_GAMES
</UL>

<P><STRONG><a name="[6a]"></a>GET_TEMPRATURE_AND_HUMIDITY_VALUE</STRONG> (Thumb, 72 bytes, Stack size 0 bytes, tempandhum.o(TEMPANDHUM))
<BR><BR>[Calls]<UL><LI><a href="#[92]">&gt;&gt;</a>&nbsp;&nbsp;&nbsp;SEPERATE_TEMP_HUM
<LI><a href="#[90]">&gt;&gt;</a>&nbsp;&nbsp;&nbsp;DHT11_DATA
<LI><a href="#[8e]">&gt;&gt;</a>&nbsp;&nbsp;&nbsp;DHT11_ACK
<LI><a href="#[91]">&gt;&gt;</a>&nbsp;&nbsp;&nbsp;START_SIGNAL
</UL>
<BR>[Called By]<UL><LI><a href="#[5f]">&gt;&gt;</a>&nbsp;&nbsp;&nbsp;HANDLE_TEMP_SENSOR
</UL>
<P>
<H3>
Local Symbols
</H3>
<P><STRONG><a name="[6d]"></a>LCD_INIT</STRONG> (Thumb, 182 bytes, Stack size 0 bytes, tft.o(MYCODE))
<BR><BR>[Calls]<UL><LI><a href="#[6e]">&gt;&gt;</a>&nbsp;&nbsp;&nbsp;delay_half_second
<LI><a href="#[4a]">&gt;&gt;</a>&nbsp;&nbsp;&nbsp;LCD_DATA_WRITE
<LI><a href="#[4c]">&gt;&gt;</a>&nbsp;&nbsp;&nbsp;LCD_COMMAND_WRITE
</UL>
<BR>[Called By]<UL><LI><a href="#[6b]">&gt;&gt;</a>&nbsp;&nbsp;&nbsp;SETUP
</UL>

<P><STRONG><a name="[6b]"></a>SETUP</STRONG> (Thumb, 122 bytes, Stack size 0 bytes, tft.o(MYCODE))
<BR><BR>[Calls]<UL><LI><a href="#[6d]">&gt;&gt;</a>&nbsp;&nbsp;&nbsp;LCD_INIT
</UL>
<BR>[Called By]<UL><LI><a href="#[36]">&gt;&gt;</a>&nbsp;&nbsp;&nbsp;__main
</UL>

<P><STRONG><a name="[46]"></a>DRAW_LINE_VERTICAL</STRONG> (Thumb, 16 bytes, Stack size 0 bytes, draws.o(DRAWS), UNUSED)
<BR><BR>[Calls]<UL><LI><a href="#[47]">&gt;&gt;</a>&nbsp;&nbsp;&nbsp;DRAW_RECTANGLE_FILLED
</UL>

<P><STRONG><a name="[4b]"></a>DRAWPIXEL</STRONG> (Thumb, 24 bytes, Stack size 0 bytes, draws.o(DRAWS))
<BR><BR>[Calls]<UL><LI><a href="#[47]">&gt;&gt;</a>&nbsp;&nbsp;&nbsp;DRAW_RECTANGLE_FILLED
</UL>
<BR>[Called By]<UL><LI><a href="#[55]">&gt;&gt;</a>&nbsp;&nbsp;&nbsp;DRAW_ICON_OPS
<LI><a href="#[54]">&gt;&gt;</a>&nbsp;&nbsp;&nbsp;DRAW_ICON_OP
<LI><a href="#[4f]">&gt;&gt;</a>&nbsp;&nbsp;&nbsp;DRAW_CHAR_M
<LI><a href="#[4e]">&gt;&gt;</a>&nbsp;&nbsp;&nbsp;DRAW_CHAR_I
<LI><a href="#[4d]">&gt;&gt;</a>&nbsp;&nbsp;&nbsp;DRAW_CHAR
</UL>

<P><STRONG><a name="[49]"></a>ADDRESS_SET</STRONG> (Thumb, 96 bytes, Stack size 0 bytes, draws.o(DRAWS))
<BR><BR>[Calls]<UL><LI><a href="#[4a]">&gt;&gt;</a>&nbsp;&nbsp;&nbsp;LCD_DATA_WRITE
<LI><a href="#[4c]">&gt;&gt;</a>&nbsp;&nbsp;&nbsp;LCD_COMMAND_WRITE
</UL>
<BR>[Called By]<UL><LI><a href="#[47]">&gt;&gt;</a>&nbsp;&nbsp;&nbsp;DRAW_RECTANGLE_FILLED
</UL>

<P><STRONG><a name="[3b]"></a>CHECK_LEFT</STRONG> (Thumb, 68 bytes, Stack size 0 bytes, buttons.o(BUTTONS))
<BR><BR>[Called By]<UL><LI><a href="#[3a]">&gt;&gt;</a>&nbsp;&nbsp;&nbsp;READ_BUTTONS
</UL>

<P><STRONG><a name="[3c]"></a>CHECK_RIGHT</STRONG> (Thumb, 72 bytes, Stack size 0 bytes, buttons.o(BUTTONS))
<BR><BR>[Called By]<UL><LI><a href="#[3a]">&gt;&gt;</a>&nbsp;&nbsp;&nbsp;READ_BUTTONS
</UL>

<P><STRONG><a name="[3d]"></a>CHECK_UP</STRONG> (Thumb, 72 bytes, Stack size 0 bytes, buttons.o(BUTTONS))
<BR><BR>[Called By]<UL><LI><a href="#[3a]">&gt;&gt;</a>&nbsp;&nbsp;&nbsp;READ_BUTTONS
</UL>

<P><STRONG><a name="[3e]"></a>CHECK_DOWN</STRONG> (Thumb, 72 bytes, Stack size 0 bytes, buttons.o(BUTTONS))
<BR><BR>[Called By]<UL><LI><a href="#[3a]">&gt;&gt;</a>&nbsp;&nbsp;&nbsp;READ_BUTTONS
</UL>

<P><STRONG><a name="[3f]"></a>CHECK_OK</STRONG> (Thumb, 72 bytes, Stack size 0 bytes, buttons.o(BUTTONS))
<BR><BR>[Called By]<UL><LI><a href="#[3a]">&gt;&gt;</a>&nbsp;&nbsp;&nbsp;READ_BUTTONS
</UL>

<P><STRONG><a name="[41]"></a>CHECK_IR_RIGHT_INPUTS</STRONG> (Thumb, 34 bytes, Stack size 0 bytes, buttons.o(BUTTONS), UNUSED)
<BR><BR>[Called By]<UL><LI><a href="#[40]">&gt;&gt;</a>&nbsp;&nbsp;&nbsp;READ_IR_BUTTONS
</UL>

<P><STRONG><a name="[42]"></a>CHECK_IR_LEFT_INPUTS</STRONG> (Thumb, 34 bytes, Stack size 0 bytes, buttons.o(BUTTONS), UNUSED)
<BR><BR>[Called By]<UL><LI><a href="#[40]">&gt;&gt;</a>&nbsp;&nbsp;&nbsp;READ_IR_BUTTONS
</UL>

<P><STRONG><a name="[43]"></a>CHECK_IR_UP_INPUTS</STRONG> (Thumb, 34 bytes, Stack size 0 bytes, buttons.o(BUTTONS), UNUSED)
<BR><BR>[Called By]<UL><LI><a href="#[40]">&gt;&gt;</a>&nbsp;&nbsp;&nbsp;READ_IR_BUTTONS
</UL>

<P><STRONG><a name="[44]"></a>CHECK_IR_DOWN_INPUTS</STRONG> (Thumb, 34 bytes, Stack size 0 bytes, buttons.o(BUTTONS), UNUSED)
<BR><BR>[Called By]<UL><LI><a href="#[40]">&gt;&gt;</a>&nbsp;&nbsp;&nbsp;READ_IR_BUTTONS
</UL>

<P><STRONG><a name="[8a]"></a>DRAW_CRABBY_PATY</STRONG> (Thumb, 106 bytes, Stack size 0 bytes, snakegame.o(SNAKE_CODE))
<BR><BR>[Calls]<UL><LI><a href="#[47]">&gt;&gt;</a>&nbsp;&nbsp;&nbsp;DRAW_RECTANGLE_FILLED
</UL>
<BR>[Called By]<UL><LI><a href="#[68]">&gt;&gt;</a>&nbsp;&nbsp;&nbsp;SNAKE_GAME
</UL>

<P><STRONG><a name="[8b]"></a>DRAW_NEW_SNAKE</STRONG> (Thumb, 118 bytes, Stack size 0 bytes, snakegame.o(SNAKE_CODE))
<BR><BR>[Calls]<UL><LI><a href="#[47]">&gt;&gt;</a>&nbsp;&nbsp;&nbsp;DRAW_RECTANGLE_FILLED
</UL>
<BR>[Called By]<UL><LI><a href="#[68]">&gt;&gt;</a>&nbsp;&nbsp;&nbsp;SNAKE_GAME
</UL>

<P><STRONG><a name="[5f]"></a>HANDLE_TEMP_SENSOR</STRONG> (Thumb, 116 bytes, Stack size 0 bytes, integration.o(INTEGRATION))
<BR><BR>[Calls]<UL><LI><a href="#[6a]">&gt;&gt;</a>&nbsp;&nbsp;&nbsp;GET_TEMPRATURE_AND_HUMIDITY_VALUE
<LI><a href="#[50]">&gt;&gt;</a>&nbsp;&nbsp;&nbsp;DRAW_NUMBERS
</UL>
<BR>[Called By]<UL><LI><a href="#[5d]">&gt;&gt;</a>&nbsp;&nbsp;&nbsp;SCREEN_MAIN
</UL>

<P><STRONG><a name="[91]"></a>START_SIGNAL</STRONG> (Thumb, 84 bytes, Stack size 0 bytes, tempandhum.o(TEMPANDHUM))
<BR><BR>[Called By]<UL><LI><a href="#[6a]">&gt;&gt;</a>&nbsp;&nbsp;&nbsp;GET_TEMPRATURE_AND_HUMIDITY_VALUE
</UL>

<P><STRONG><a name="[8e]"></a>DHT11_ACK</STRONG> (Thumb, 128 bytes, Stack size 0 bytes, tempandhum.o(TEMPANDHUM))
<BR><BR>[Calls]<UL><LI><a href="#[8f]">&gt;&gt;</a>&nbsp;&nbsp;&nbsp;CHECK_INPUT_INVERTED
</UL>
<BR>[Called By]<UL><LI><a href="#[6a]">&gt;&gt;</a>&nbsp;&nbsp;&nbsp;GET_TEMPRATURE_AND_HUMIDITY_VALUE
</UL>

<P><STRONG><a name="[90]"></a>DHT11_DATA</STRONG> (Thumb, 122 bytes, Stack size 0 bytes, tempandhum.o(TEMPANDHUM))
<BR><BR>[Calls]<UL><LI><a href="#[8f]">&gt;&gt;</a>&nbsp;&nbsp;&nbsp;CHECK_INPUT_INVERTED
</UL>
<BR>[Called By]<UL><LI><a href="#[6a]">&gt;&gt;</a>&nbsp;&nbsp;&nbsp;GET_TEMPRATURE_AND_HUMIDITY_VALUE
</UL>

<P><STRONG><a name="[8f]"></a>CHECK_INPUT_INVERTED</STRONG> (Thumb, 34 bytes, Stack size 0 bytes, tempandhum.o(TEMPANDHUM))
<BR><BR>[Called By]<UL><LI><a href="#[90]">&gt;&gt;</a>&nbsp;&nbsp;&nbsp;DHT11_DATA
<LI><a href="#[8e]">&gt;&gt;</a>&nbsp;&nbsp;&nbsp;DHT11_ACK
</UL>

<P><STRONG><a name="[93]"></a>CONVERSION_HEXA_DECIMEL_TEMP</STRONG> (Thumb, 142 bytes, Stack size 0 bytes, tempandhum.o(TEMPANDHUM))
<BR><BR>[Called By]<UL><LI><a href="#[92]">&gt;&gt;</a>&nbsp;&nbsp;&nbsp;SEPERATE_TEMP_HUM
</UL>

<P><STRONG><a name="[92]"></a>SEPERATE_TEMP_HUM</STRONG> (Thumb, 40 bytes, Stack size 0 bytes, tempandhum.o(TEMPANDHUM))
<BR><BR>[Calls]<UL><LI><a href="#[93]">&gt;&gt;</a>&nbsp;&nbsp;&nbsp;CONVERSION_HEXA_DECIMEL_TEMP
</UL>
<BR>[Called By]<UL><LI><a href="#[6a]">&gt;&gt;</a>&nbsp;&nbsp;&nbsp;GET_TEMPRATURE_AND_HUMIDITY_VALUE
</UL>

<P><STRONG><a name="[6f]"></a>DRAW_RHOMBUS</STRONG> (Thumb, 128 bytes, Stack size 0 bytes, screens_draws.o(SCREENDRAWS))
<BR><BR>[Calls]<UL><LI><a href="#[48]">&gt;&gt;</a>&nbsp;&nbsp;&nbsp;DRAW_LINE_HORIZONTAL
<LI><a href="#[47]">&gt;&gt;</a>&nbsp;&nbsp;&nbsp;DRAW_RECTANGLE_FILLED
</UL>
<BR>[Called By]<UL><LI><a href="#[5c]">&gt;&gt;</a>&nbsp;&nbsp;&nbsp;DRAW_HOME_SCREEN
</UL>

<P><STRONG><a name="[70]"></a>DRAW_CLOCK_PART</STRONG> (Thumb, 170 bytes, Stack size 0 bytes, screens_draws.o(SCREENDRAWS))
<BR><BR>[Calls]<UL><LI><a href="#[51]">&gt;&gt;</a>&nbsp;&nbsp;&nbsp;DRAW_DIGIT_PAIR
<LI><a href="#[47]">&gt;&gt;</a>&nbsp;&nbsp;&nbsp;DRAW_RECTANGLE_FILLED
<LI><a href="#[53]">&gt;&gt;</a>&nbsp;&nbsp;&nbsp;delay_1_second
</UL>
<BR>[Called By]<UL><LI><a href="#[5c]">&gt;&gt;</a>&nbsp;&nbsp;&nbsp;DRAW_HOME_SCREEN
</UL>

<P><STRONG><a name="[71]"></a>DRAW_HOME_INTERFACE</STRONG> (Thumb, 48 bytes, Stack size 0 bytes, screens_draws.o(SCREENDRAWS))
<BR><BR>[Calls]<UL><LI><a href="#[72]">&gt;&gt;</a>&nbsp;&nbsp;&nbsp;DRAW_HERO_TIME
<LI><a href="#[54]">&gt;&gt;</a>&nbsp;&nbsp;&nbsp;DRAW_ICON_OP
</UL>
<BR>[Called By]<UL><LI><a href="#[5e]">&gt;&gt;</a>&nbsp;&nbsp;&nbsp;HOME_INTERFACE
</UL>

<P><STRONG><a name="[72]"></a>DRAW_HERO_TIME</STRONG> (Thumb, 224 bytes, Stack size 0 bytes, screens_draws.o(SCREENDRAWS))
<BR><BR>[Calls]<UL><LI><a href="#[4f]">&gt;&gt;</a>&nbsp;&nbsp;&nbsp;DRAW_CHAR_M
<LI><a href="#[4e]">&gt;&gt;</a>&nbsp;&nbsp;&nbsp;DRAW_CHAR_I
<LI><a href="#[4d]">&gt;&gt;</a>&nbsp;&nbsp;&nbsp;DRAW_CHAR
</UL>
<BR>[Called By]<UL><LI><a href="#[71]">&gt;&gt;</a>&nbsp;&nbsp;&nbsp;DRAW_HOME_INTERFACE
</UL>

<P><STRONG><a name="[73]"></a>DRAW_OVERLAY_SCREEN</STRONG> (Thumb, 56 bytes, Stack size 0 bytes, screens_draws.o(SCREENDRAWS))
<BR><BR>[Calls]<UL><LI><a href="#[47]">&gt;&gt;</a>&nbsp;&nbsp;&nbsp;DRAW_RECTANGLE_FILLED
</UL>
<BR>[Called By]<UL><LI><a href="#[65]">&gt;&gt;</a>&nbsp;&nbsp;&nbsp;THEMES_INTERFACE
<LI><a href="#[63]">&gt;&gt;</a>&nbsp;&nbsp;&nbsp;STOPWATCH_INTERFACE
<LI><a href="#[5e]">&gt;&gt;</a>&nbsp;&nbsp;&nbsp;HOME_INTERFACE
<LI><a href="#[67]">&gt;&gt;</a>&nbsp;&nbsp;&nbsp;GAMES_INTERFACE
<LI><a href="#[61]">&gt;&gt;</a>&nbsp;&nbsp;&nbsp;ALARM_INTERFACE
</UL>

<P><STRONG><a name="[78]"></a>STOPWATCH_TEXT</STRONG> (Thumb, 78 bytes, Stack size 0 bytes, stopwatchscreen.o(SCREENDRAWS))
<BR><BR>[Calls]<UL><LI><a href="#[4f]">&gt;&gt;</a>&nbsp;&nbsp;&nbsp;DRAW_CHAR_M
<LI><a href="#[4e]">&gt;&gt;</a>&nbsp;&nbsp;&nbsp;DRAW_CHAR_I
<LI><a href="#[4d]">&gt;&gt;</a>&nbsp;&nbsp;&nbsp;DRAW_CHAR
</UL>
<BR>[Called By]<UL><LI><a href="#[74]">&gt;&gt;</a>&nbsp;&nbsp;&nbsp;DRAW_STOPWATCH_SCREEN
</UL>

<P><STRONG><a name="[79]"></a>STOPWATCH_TIMER</STRONG> (Thumb, 156 bytes, Stack size 0 bytes, stopwatchscreen.o(SCREENDRAWS))
<BR><BR>[Calls]<UL><LI><a href="#[47]">&gt;&gt;</a>&nbsp;&nbsp;&nbsp;DRAW_RECTANGLE_FILLED
<LI><a href="#[4d]">&gt;&gt;</a>&nbsp;&nbsp;&nbsp;DRAW_CHAR
</UL>
<BR>[Called By]<UL><LI><a href="#[74]">&gt;&gt;</a>&nbsp;&nbsp;&nbsp;DRAW_STOPWATCH_SCREEN
</UL>

<P><STRONG><a name="[7a]"></a>DRAW_START_BUTTON</STRONG> (Thumb, 98 bytes, Stack size 0 bytes, stopwatchscreen.o(SCREENDRAWS))
<BR><BR>[Calls]<UL><LI><a href="#[4d]">&gt;&gt;</a>&nbsp;&nbsp;&nbsp;DRAW_CHAR
</UL>
<BR>[Called By]<UL><LI><a href="#[7c]">&gt;&gt;</a>&nbsp;&nbsp;&nbsp;DRAW_STOPWATCH_BUTTONS
</UL>

<P><STRONG><a name="[7b]"></a>DRAW_STOP_BUTTON</STRONG> (Thumb, 80 bytes, Stack size 0 bytes, stopwatchscreen.o(SCREENDRAWS))
<BR><BR>[Calls]<UL><LI><a href="#[4d]">&gt;&gt;</a>&nbsp;&nbsp;&nbsp;DRAW_CHAR
</UL>
<BR>[Called By]<UL><LI><a href="#[7c]">&gt;&gt;</a>&nbsp;&nbsp;&nbsp;DRAW_STOPWATCH_BUTTONS
</UL>

<P><STRONG><a name="[7c]"></a>DRAW_STOPWATCH_BUTTONS</STRONG> (Thumb, 56 bytes, Stack size 0 bytes, stopwatchscreen.o(SCREENDRAWS))
<BR><BR>[Calls]<UL><LI><a href="#[7b]">&gt;&gt;</a>&nbsp;&nbsp;&nbsp;DRAW_STOP_BUTTON
<LI><a href="#[7a]">&gt;&gt;</a>&nbsp;&nbsp;&nbsp;DRAW_START_BUTTON
<LI><a href="#[47]">&gt;&gt;</a>&nbsp;&nbsp;&nbsp;DRAW_RECTANGLE_FILLED
</UL>
<BR>[Called By]<UL><LI><a href="#[74]">&gt;&gt;</a>&nbsp;&nbsp;&nbsp;DRAW_STOPWATCH_SCREEN
</UL>

<P><STRONG><a name="[7d]"></a>THEMES_TEXT</STRONG> (Thumb, 92 bytes, Stack size 0 bytes, themes.o(SCREENDRAWS))
<BR><BR>[Calls]<UL><LI><a href="#[4f]">&gt;&gt;</a>&nbsp;&nbsp;&nbsp;DRAW_CHAR_M
<LI><a href="#[4d]">&gt;&gt;</a>&nbsp;&nbsp;&nbsp;DRAW_CHAR
</UL>
<BR>[Called By]<UL><LI><a href="#[76]">&gt;&gt;</a>&nbsp;&nbsp;&nbsp;DRAW_THEMES_SCREEN
</UL>

<P><STRONG><a name="[7e]"></a>ALARM_TEXT</STRONG> (Thumb, 98 bytes, Stack size 0 bytes, alarmscreen.o(SCREENDRAWS))
<BR><BR>[Calls]<UL><LI><a href="#[4f]">&gt;&gt;</a>&nbsp;&nbsp;&nbsp;DRAW_CHAR_M
<LI><a href="#[4d]">&gt;&gt;</a>&nbsp;&nbsp;&nbsp;DRAW_CHAR
</UL>
<BR>[Called By]<UL><LI><a href="#[75]">&gt;&gt;</a>&nbsp;&nbsp;&nbsp;DRAW_ALARM_SCREEN
</UL>

<P><STRONG><a name="[7f]"></a>ALARM_TIMER</STRONG> (Thumb, 156 bytes, Stack size 0 bytes, alarmscreen.o(SCREENDRAWS))
<BR><BR>[Calls]<UL><LI><a href="#[47]">&gt;&gt;</a>&nbsp;&nbsp;&nbsp;DRAW_RECTANGLE_FILLED
<LI><a href="#[4d]">&gt;&gt;</a>&nbsp;&nbsp;&nbsp;DRAW_CHAR
</UL>
<BR>[Called By]<UL><LI><a href="#[75]">&gt;&gt;</a>&nbsp;&nbsp;&nbsp;DRAW_ALARM_SCREEN
</UL>

<P><STRONG><a name="[80]"></a>DRAW_SET_BUTTON</STRONG> (Thumb, 62 bytes, Stack size 0 bytes, alarmscreen.o(SCREENDRAWS))
<BR><BR>[Calls]<UL><LI><a href="#[4d]">&gt;&gt;</a>&nbsp;&nbsp;&nbsp;DRAW_CHAR
</UL>
<BR>[Called By]<UL><LI><a href="#[82]">&gt;&gt;</a>&nbsp;&nbsp;&nbsp;DRAW_ALARM_BUTTONS
</UL>

<P><STRONG><a name="[81]"></a>DRAW_RESET_BUTTON</STRONG> (Thumb, 98 bytes, Stack size 0 bytes, alarmscreen.o(SCREENDRAWS))
<BR><BR>[Calls]<UL><LI><a href="#[4d]">&gt;&gt;</a>&nbsp;&nbsp;&nbsp;DRAW_CHAR
</UL>
<BR>[Called By]<UL><LI><a href="#[82]">&gt;&gt;</a>&nbsp;&nbsp;&nbsp;DRAW_ALARM_BUTTONS
</UL>

<P><STRONG><a name="[82]"></a>DRAW_ALARM_BUTTONS</STRONG> (Thumb, 56 bytes, Stack size 0 bytes, alarmscreen.o(SCREENDRAWS))
<BR><BR>[Calls]<UL><LI><a href="#[81]">&gt;&gt;</a>&nbsp;&nbsp;&nbsp;DRAW_RESET_BUTTON
<LI><a href="#[80]">&gt;&gt;</a>&nbsp;&nbsp;&nbsp;DRAW_SET_BUTTON
<LI><a href="#[47]">&gt;&gt;</a>&nbsp;&nbsp;&nbsp;DRAW_RECTANGLE_FILLED
</UL>
<BR>[Called By]<UL><LI><a href="#[75]">&gt;&gt;</a>&nbsp;&nbsp;&nbsp;DRAW_ALARM_SCREEN
</UL>

<P><STRONG><a name="[85]"></a>DRAW_TEAM</STRONG> (Thumb, 80 bytes, Stack size 0 bytes, omnitext.o(SCREENDRAWS))
<BR><BR>[Calls]<UL><LI><a href="#[4f]">&gt;&gt;</a>&nbsp;&nbsp;&nbsp;DRAW_CHAR_M
<LI><a href="#[4d]">&gt;&gt;</a>&nbsp;&nbsp;&nbsp;DRAW_CHAR
</UL>
<BR>[Called By]<UL><LI><a href="#[57]">&gt;&gt;</a>&nbsp;&nbsp;&nbsp;DRAW_INTRO_SCREEN
</UL>

<P><STRONG><a name="[84]"></a>DRAW_ULTIMATE</STRONG> (Thumb, 152 bytes, Stack size 0 bytes, omnitext.o(SCREENDRAWS))
<BR><BR>[Calls]<UL><LI><a href="#[4f]">&gt;&gt;</a>&nbsp;&nbsp;&nbsp;DRAW_CHAR_M
<LI><a href="#[4e]">&gt;&gt;</a>&nbsp;&nbsp;&nbsp;DRAW_CHAR_I
<LI><a href="#[4d]">&gt;&gt;</a>&nbsp;&nbsp;&nbsp;DRAW_CHAR
</UL>
<BR>[Called By]<UL><LI><a href="#[57]">&gt;&gt;</a>&nbsp;&nbsp;&nbsp;DRAW_INTRO_SCREEN
</UL>

<P><STRONG><a name="[83]"></a>DRAW_OMNITRIX</STRONG> (Thumb, 152 bytes, Stack size 0 bytes, omnitext.o(SCREENDRAWS))
<BR><BR>[Calls]<UL><LI><a href="#[4f]">&gt;&gt;</a>&nbsp;&nbsp;&nbsp;DRAW_CHAR_M
<LI><a href="#[4e]">&gt;&gt;</a>&nbsp;&nbsp;&nbsp;DRAW_CHAR_I
<LI><a href="#[4d]">&gt;&gt;</a>&nbsp;&nbsp;&nbsp;DRAW_CHAR
</UL>
<BR>[Called By]<UL><LI><a href="#[57]">&gt;&gt;</a>&nbsp;&nbsp;&nbsp;DRAW_INTRO_SCREEN
</UL>

<P><STRONG><a name="[86]"></a>GAME_TEXT</STRONG> (Thumb, 78 bytes, Stack size 0 bytes, games.o(SCREENDRAWS))
<BR><BR>[Calls]<UL><LI><a href="#[4f]">&gt;&gt;</a>&nbsp;&nbsp;&nbsp;DRAW_CHAR_M
<LI><a href="#[4d]">&gt;&gt;</a>&nbsp;&nbsp;&nbsp;DRAW_CHAR
</UL>
<BR>[Called By]<UL><LI><a href="#[77]">&gt;&gt;</a>&nbsp;&nbsp;&nbsp;DRAW_GAME_SCREEN
</UL>

<P><STRONG><a name="[87]"></a>DRAW_GAME_ONE_BUTTON</STRONG> (Thumb, 98 bytes, Stack size 0 bytes, games.o(SCREENDRAWS))
<BR><BR>[Calls]<UL><LI><a href="#[4f]">&gt;&gt;</a>&nbsp;&nbsp;&nbsp;DRAW_CHAR_M
<LI><a href="#[4d]">&gt;&gt;</a>&nbsp;&nbsp;&nbsp;DRAW_CHAR
</UL>
<BR>[Called By]<UL><LI><a href="#[89]">&gt;&gt;</a>&nbsp;&nbsp;&nbsp;DRAW_GAME_BUTTONS
</UL>

<P><STRONG><a name="[88]"></a>DRAW_GAME_TWO_BUTTON</STRONG> (Thumb, 98 bytes, Stack size 0 bytes, games.o(SCREENDRAWS))
<BR><BR>[Calls]<UL><LI><a href="#[4f]">&gt;&gt;</a>&nbsp;&nbsp;&nbsp;DRAW_CHAR_M
<LI><a href="#[4d]">&gt;&gt;</a>&nbsp;&nbsp;&nbsp;DRAW_CHAR
</UL>
<BR>[Called By]<UL><LI><a href="#[89]">&gt;&gt;</a>&nbsp;&nbsp;&nbsp;DRAW_GAME_BUTTONS
</UL>

<P><STRONG><a name="[89]"></a>DRAW_GAME_BUTTONS</STRONG> (Thumb, 56 bytes, Stack size 0 bytes, games.o(SCREENDRAWS))
<BR><BR>[Calls]<UL><LI><a href="#[88]">&gt;&gt;</a>&nbsp;&nbsp;&nbsp;DRAW_GAME_TWO_BUTTON
<LI><a href="#[87]">&gt;&gt;</a>&nbsp;&nbsp;&nbsp;DRAW_GAME_ONE_BUTTON
<LI><a href="#[47]">&gt;&gt;</a>&nbsp;&nbsp;&nbsp;DRAW_RECTANGLE_FILLED
</UL>
<BR>[Called By]<UL><LI><a href="#[77]">&gt;&gt;</a>&nbsp;&nbsp;&nbsp;DRAW_GAME_SCREEN
</UL>

<P><STRONG><a name="[8c]"></a>DRAW_BORDERS_OF_DANGER_ZONE</STRONG> (Thumb, 72 bytes, Stack size 0 bytes, snakehigherlevel.o(SNAKE_CODE))
<BR><BR>[Calls]<UL><LI><a href="#[47]">&gt;&gt;</a>&nbsp;&nbsp;&nbsp;DRAW_RECTANGLE_FILLED
</UL>
<BR>[Called By]<UL><LI><a href="#[69]">&gt;&gt;</a>&nbsp;&nbsp;&nbsp;SNAKE_GAME_HIGHER_LEVEL
</UL>

<P><STRONG><a name="[8d]"></a>DRAW_NEW_SNAKE</STRONG> (Thumb, 122 bytes, Stack size 0 bytes, snakehigherlevel.o(SNAKE_CODE))
<BR><BR>[Calls]<UL><LI><a href="#[47]">&gt;&gt;</a>&nbsp;&nbsp;&nbsp;DRAW_RECTANGLE_FILLED
</UL>
<BR>[Called By]<UL><LI><a href="#[69]">&gt;&gt;</a>&nbsp;&nbsp;&nbsp;SNAKE_GAME_HIGHER_LEVEL
</UL>

<P><STRONG><a name="[38]"></a>SetSysClock</STRONG> (Thumb, 8 bytes, Stack size 8 bytes, system_stm32f10x.o(.text.SetSysClock))
<BR><BR>[Stack]<UL><LI>Max Depth = 24<LI>Call Chain = SetSysClock &rArr; SetSysClockTo72
</UL>
<BR>[Calls]<UL><LI><a href="#[39]">&gt;&gt;</a>&nbsp;&nbsp;&nbsp;SetSysClockTo72
</UL>
<BR>[Called By]<UL><LI><a href="#[35]">&gt;&gt;</a>&nbsp;&nbsp;&nbsp;SystemInit
</UL>

<P><STRONG><a name="[39]"></a>SetSysClockTo72</STRONG> (Thumb, 290 bytes, Stack size 16 bytes, system_stm32f10x.o(.text.SetSysClockTo72))
<BR><BR>[Stack]<UL><LI>Max Depth = 16<LI>Call Chain = SetSysClockTo72
</UL>
<BR>[Called By]<UL><LI><a href="#[38]">&gt;&gt;</a>&nbsp;&nbsp;&nbsp;SetSysClock
</UL>
<P>
<H3>
Undefined Global Symbols
</H3><HR></body></html>
